https://0x0.st/8vM4.txt

Mai 15 20:19:02 macMF kernel: Linux version 6.14.6-arch1-1 (linux@archlinux) (gcc (GCC) 15.1.1 20250425, GNU ld (GNU Binutils) 2.44.0) #1 SMP PREEMPT_DYNAMIC Fri, 09 May 2025 17:36:18 +0000
Mai 15 20:19:02 macMF kernel: Command line: initrd=\e051814de5614c51b8c18e66dfd34c8e\6.14.6-arch1-1\initrd nvme_load=YES nowatchdog rw root=UUID=e614108a-29e5-4e17-b490-f51ce1293d30 resume=UUID=cbf55ddf-f434-40b7-ab52-7d09f736932e systemd.machine_id=e051814de5614c51b8c18e66dfd34c8e
Mai 15 20:19:02 macMF kernel: BIOS-provided physical RAM map:
Mai 15 20:19:02 macMF kernel: BIOS-e820: [mem 0x0000000000000000-0x0000000000057fff] usable
Mai 15 20:19:02 macMF kernel: BIOS-e820: [mem 0x0000000000058000-0x0000000000058fff] reserved
Mai 15 20:19:02 macMF kernel: BIOS-e820: [mem 0x0000000000059000-0x000000000008efff] usable
Mai 15 20:19:02 macMF kernel: BIOS-e820: [mem 0x000000000008f000-0x000000000008ffff] reserved
Mai 15 20:19:02 macMF kernel: BIOS-e820: [mem 0x0000000000090000-0x000000000009ffff] usable
Mai 15 20:19:02 macMF kernel: BIOS-e820: [mem 0x00000000000a0000-0x00000000000bffff] reserved
Mai 15 20:19:02 macMF kernel: BIOS-e820: [mem 0x0000000000100000-0x000000008ad0ffff] usable
Mai 15 20:19:02 macMF kernel: BIOS-e820: [mem 0x000000008ad10000-0x000000008ad52fff] ACPI NVS
Mai 15 20:19:02 macMF kernel: BIOS-e820: [mem 0x000000008ad53000-0x000000008ad5bfff] usable
Mai 15 20:19:02 macMF kernel: BIOS-e820: [mem 0x000000008ad5c000-0x000000008ad8efff] ACPI data
Mai 15 20:19:02 macMF kernel: BIOS-e820: [mem 0x000000008ad8f000-0x000000008ae38fff] usable
Mai 15 20:19:02 macMF kernel: BIOS-e820: [mem 0x000000008ae39000-0x000000008ae8efff] reserved
Mai 15 20:19:02 macMF kernel: BIOS-e820: [mem 0x000000008ae8f000-0x000000008aed1fff] usable
Mai 15 20:19:02 macMF kernel: BIOS-e820: [mem 0x000000008aed2000-0x000000008aefefff] reserved
Mai 15 20:19:02 macMF kernel: BIOS-e820: [mem 0x000000008aeff000-0x000000008af83fff] usable
Mai 15 20:19:02 macMF kernel: BIOS-e820: [mem 0x000000008af84000-0x000000008afeffff] reserved
Mai 15 20:19:02 macMF kernel: BIOS-e820: [mem 0x000000008aff0000-0x000000008affffff] usable
Mai 15 20:19:02 macMF kernel: BIOS-e820: [mem 0x000000008b000000-0x000000008f9fffff] reserved
Mai 15 20:19:02 macMF kernel: BIOS-e820: [mem 0x00000000e00f8000-0x00000000e00f8fff] reserved
Mai 15 20:19:02 macMF kernel: BIOS-e820: [mem 0x00000000fed1c000-0x00000000fed1ffff] reserved
Mai 15 20:19:02 macMF kernel: BIOS-e820: [mem 0x00000000ffe10000-0x00000000ffe3ffff] reserved
Mai 15 20:19:02 macMF kernel: BIOS-e820: [mem 0x0000000100000000-0x000000046f5fffff] usable
Mai 15 20:19:02 macMF kernel: NX (Execute Disable) protection: active
Mai 15 20:19:02 macMF kernel: APIC: Static calls initialized
Mai 15 20:19:02 macMF kernel: e820: update [mem 0x74924190-0x749341cf] usable ==> usable
Mai 15 20:19:02 macMF kernel: e820: update [mem 0x74996810-0x74996cd2] usable ==> usable
Mai 15 20:19:02 macMF kernel: extended physical RAM map:
Mai 15 20:19:02 macMF kernel: reserve setup_data: [mem 0x0000000000000000-0x0000000000057fff] usable
Mai 15 20:19:02 macMF kernel: reserve setup_data: [mem 0x0000000000058000-0x0000000000058fff] reserved
Mai 15 20:19:02 macMF kernel: reserve setup_data: [mem 0x0000000000059000-0x000000000008efff] usable
Mai 15 20:19:02 macMF kernel: reserve setup_data: [mem 0x000000000008f000-0x000000000008ffff] reserved
Mai 15 20:19:02 macMF kernel: reserve setup_data: [mem 0x0000000000090000-0x000000000009ffff] usable
Mai 15 20:19:02 macMF kernel: reserve setup_data: [mem 0x00000000000a0000-0x00000000000bffff] reserved
Mai 15 20:19:02 macMF kernel: reserve setup_data: [mem 0x0000000000100000-0x000000007492418f] usable
Mai 15 20:19:02 macMF kernel: reserve setup_data: [mem 0x0000000074924190-0x00000000749341cf] usable
Mai 15 20:19:02 macMF kernel: reserve setup_data: [mem 0x00000000749341d0-0x000000007499680f] usable
Mai 15 20:19:02 macMF kernel: reserve setup_data: [mem 0x0000000074996810-0x0000000074996cd2] usable
Mai 15 20:19:02 macMF kernel: reserve setup_data: [mem 0x0000000074996cd3-0x000000008ad0ffff] usable
Mai 15 20:19:02 macMF kernel: reserve setup_data: [mem 0x000000008ad10000-0x000000008ad52fff] ACPI NVS
Mai 15 20:19:02 macMF kernel: reserve setup_data: [mem 0x000000008ad53000-0x000000008ad5bfff] usable
Mai 15 20:19:02 macMF kernel: reserve setup_data: [mem 0x000000008ad5c000-0x000000008ad8efff] ACPI data
Mai 15 20:19:02 macMF kernel: reserve setup_data: [mem 0x000000008ad8f000-0x000000008ae38fff] usable
Mai 15 20:19:02 macMF kernel: reserve setup_data: [mem 0x000000008ae39000-0x000000008ae8efff] reserved
Mai 15 20:19:02 macMF kernel: reserve setup_data: [mem 0x000000008ae8f000-0x000000008aed1fff] usable
Mai 15 20:19:02 macMF kernel: reserve setup_data: [mem 0x000000008aed2000-0x000000008aefefff] reserved
Mai 15 20:19:02 macMF kernel: reserve setup_data: [mem 0x000000008aeff000-0x000000008af83fff] usable
Mai 15 20:19:02 macMF kernel: reserve setup_data: [mem 0x000000008af84000-0x000000008afeffff] reserved
Mai 15 20:19:02 macMF kernel: reserve setup_data: [mem 0x000000008aff0000-0x000000008affffff] usable
Mai 15 20:19:02 macMF kernel: reserve setup_data: [mem 0x000000008b000000-0x000000008f9fffff] reserved
Mai 15 20:19:02 macMF kernel: reserve setup_data: [mem 0x00000000e00f8000-0x00000000e00f8fff] reserved
Mai 15 20:19:02 macMF kernel: reserve setup_data: [mem 0x00000000fed1c000-0x00000000fed1ffff] reserved
Mai 15 20:19:02 macMF kernel: reserve setup_data: [mem 0x00000000ffe10000-0x00000000ffe3ffff] reserved
Mai 15 20:19:02 macMF kernel: reserve setup_data: [mem 0x0000000100000000-0x000000046f5fffff] usable
Mai 15 20:19:02 macMF kernel: efi: EFI v1.1 by Apple
Mai 15 20:19:02 macMF kernel: efi: ACPI=0x8ad8e000 ACPI 2.0=0x8ad8e014 SMBIOS=0x8ad11000 RNG=0x8ad61f90 INITRD=0x85779f90 
Mai 15 20:19:02 macMF kernel: random: crng init done
Mai 15 20:19:02 macMF kernel: efi: Not removing mem350: MMIO range=[0xe00f8000-0xe00f8fff] (4KB) from e820 map
Mai 15 20:19:02 macMF kernel: efi: Not removing mem351: MMIO range=[0xfed1c000-0xfed1ffff] (16KB) from e820 map
Mai 15 20:19:02 macMF kernel: efi: Not removing mem352: MMIO range=[0xffe10000-0xffe3ffff] (192KB) from e820 map
Mai 15 20:19:02 macMF kernel: [Firmware Bug]: Corrupted DMI table, offset 2189 (only 40 entries processed)
Mai 15 20:19:02 macMF kernel: SMBIOS 2.4 present.
Mai 15 20:19:02 macMF kernel: DMI: Apple Inc. MacBookPro11,1/Mac-189A3D4F975D5FFC, BIOS 478.0.0.0.0 01/13/2023
Mai 15 20:19:02 macMF kernel: DMI: Memory slots populated: 2/2
Mai 15 20:19:02 macMF kernel: tsc: Fast TSC calibration using PIT
Mai 15 20:19:02 macMF kernel: tsc: Detected 3000.074 MHz processor
Mai 15 20:19:02 macMF kernel: e820: update [mem 0x00000000-0x00000fff] usable ==> reserved
Mai 15 20:19:02 macMF kernel: e820: remove [mem 0x000a0000-0x000fffff] usable
Mai 15 20:19:02 macMF kernel: last_pfn = 0x46f600 max_arch_pfn = 0x400000000
Mai 15 20:19:02 macMF kernel: MTRR map: 5 entries (4 fixed + 1 variable; max 24), built from 10 variable MTRRs
Mai 15 20:19:02 macMF kernel: x86/PAT: Configuration [0-7]: WB  WC  UC- UC  WB  WP  UC- WT  
Mai 15 20:19:02 macMF kernel: last_pfn = 0x8b000 max_arch_pfn = 0x400000000
Mai 15 20:19:02 macMF kernel: Using GB pages for direct mapping
Mai 15 20:19:02 macMF kernel: Secure boot disabled
Mai 15 20:19:02 macMF kernel: RAMDISK: [mem 0x6fc6b000-0x70f08fff]
Mai 15 20:19:02 macMF kernel: ACPI: Early table checksum verification disabled
Mai 15 20:19:02 macMF kernel: ACPI: RSDP 0x000000008AD8E014 000024 (v02 APPLE )
Mai 15 20:19:02 macMF kernel: ACPI: XSDT 0x000000008AD8E1C0 0000A4 (v01 APPLE  Apple00  00000000      01000013)
Mai 15 20:19:02 macMF kernel: ACPI: FACP 0x000000008AD8C000 0000F4 (v05 APPLE  Apple00  00000000 Loki 0000005F)
Mai 15 20:19:02 macMF kernel: ACPI: DSDT 0x000000008AD7F000 007681 (v03 APPLE  MacBookP 00110001 INTL 20100915)
Mai 15 20:19:02 macMF kernel: ACPI: FACS 0x000000008AD18000 000040
Mai 15 20:19:02 macMF kernel: ACPI: FACS 0x000000008AD18000 000040
Mai 15 20:19:02 macMF kernel: ACPI: HPET 0x000000008AD8B000 000038 (v01 APPLE  Apple00  00000001 Loki 0000005F)
Mai 15 20:19:02 macMF kernel: ACPI: APIC 0x000000008AD8A000 0000BC (v02 APPLE  Apple00  00000001 Loki 0000005F)
Mai 15 20:19:02 macMF kernel: ACPI: SBST 0x000000008AD88000 000030 (v01 APPLE  Apple00  00000001 Loki 0000005F)
Mai 15 20:19:02 macMF kernel: ACPI: ECDT 0x000000008AD87000 000053 (v01 APPLE  Apple00  00000001 Loki 0000005F)
Mai 15 20:19:02 macMF kernel: ACPI: SSDT 0x000000008AD7E000 00010B (v01 APPLE  SataAhci 00001000 INTL 20100915)
Mai 15 20:19:02 macMF kernel: ACPI: SSDT 0x000000008AD7D000 000024 (v01 APPLE  SmcDppt  00001000 INTL 20100915)
Mai 15 20:19:02 macMF kernel: ACPI: SSDT 0x000000008AD7A000 000FE9 (v01 APPLE  SDUsbLpt 00001000 INTL 20100915)
Mai 15 20:19:02 macMF kernel: ACPI: SSDT 0x000000008AD76000 000032 (v01 APPLE  SsdtS3   00001000 INTL 20100915)
Mai 15 20:19:02 macMF kernel: ACPI: SSDT 0x000000008AD73000 0028B2 (v01 APPLE  PcieTbt  00001000 INTL 20100915)
Mai 15 20:19:02 macMF kernel: ACPI: SSDT 0x000000008AD66000 0000B8 (v01 APPLE  Sdxc     00001000 INTL 20100915)
Mai 15 20:19:02 macMF kernel: ACPI: SSDT 0x000000008AD65000 0003E0 (v01 APPLE  SaHdaCdc 00001000 INTL 20100915)
Mai 15 20:19:02 macMF kernel: ACPI: SSDT 0x000000008AD64000 00065A (v01 PmRef  Cpu0Ist  00003000 INTL 20100915)
Mai 15 20:19:02 macMF kernel: ACPI: SSDT 0x000000008AD63000 000B83 (v01 PmRef  CpuPm    00003000 INTL 20100915)
Mai 15 20:19:02 macMF kernel: ACPI: DMAR 0x000000008AD62000 000088 (v01 APPLE  HSW      00000001 AAPL 00000001)
Mai 15 20:19:02 macMF kernel: ACPI: MCFG 0x000000008AD89000 00003C (v01 APPLE  Apple00  00000001 Loki 0000005F)
Mai 15 20:19:02 macMF kernel: ACPI: Reserving FACP table memory at [mem 0x8ad8c000-0x8ad8c0f3]
Mai 15 20:19:02 macMF kernel: ACPI: Reserving DSDT table memory at [mem 0x8ad7f000-0x8ad86680]
Mai 15 20:19:02 macMF kernel: ACPI: Reserving FACS table memory at [mem 0x8ad18000-0x8ad1803f]
Mai 15 20:19:02 macMF kernel: ACPI: Reserving FACS table memory at [mem 0x8ad18000-0x8ad1803f]
Mai 15 20:19:02 macMF kernel: ACPI: Reserving HPET table memory at [mem 0x8ad8b000-0x8ad8b037]
Mai 15 20:19:02 macMF kernel: ACPI: Reserving APIC table memory at [mem 0x8ad8a000-0x8ad8a0bb]
Mai 15 20:19:02 macMF kernel: ACPI: Reserving SBST table memory at [mem 0x8ad88000-0x8ad8802f]
Mai 15 20:19:02 macMF kernel: ACPI: Reserving ECDT table memory at [mem 0x8ad87000-0x8ad87052]
Mai 15 20:19:02 macMF kernel: ACPI: Reserving SSDT table memory at [mem 0x8ad7e000-0x8ad7e10a]
Mai 15 20:19:02 macMF kernel: ACPI: Reserving SSDT table memory at [mem 0x8ad7d000-0x8ad7d023]
Mai 15 20:19:02 macMF kernel: ACPI: Reserving SSDT table memory at [mem 0x8ad7a000-0x8ad7afe8]
Mai 15 20:19:02 macMF kernel: ACPI: Reserving SSDT table memory at [mem 0x8ad76000-0x8ad76031]
Mai 15 20:19:02 macMF kernel: ACPI: Reserving SSDT table memory at [mem 0x8ad73000-0x8ad758b1]
Mai 15 20:19:02 macMF kernel: ACPI: Reserving SSDT table memory at [mem 0x8ad66000-0x8ad660b7]
Mai 15 20:19:02 macMF kernel: ACPI: Reserving SSDT table memory at [mem 0x8ad65000-0x8ad653df]
Mai 15 20:19:02 macMF kernel: ACPI: Reserving SSDT table memory at [mem 0x8ad64000-0x8ad64659]
Mai 15 20:19:02 macMF kernel: ACPI: Reserving SSDT table memory at [mem 0x8ad63000-0x8ad63b82]
Mai 15 20:19:02 macMF kernel: ACPI: Reserving DMAR table memory at [mem 0x8ad62000-0x8ad62087]
Mai 15 20:19:02 macMF kernel: ACPI: Reserving MCFG table memory at [mem 0x8ad89000-0x8ad8903b]
Mai 15 20:19:02 macMF kernel: ACPI: DMI detected to setup _OSI("Darwin"): Apple hardware
Mai 15 20:19:02 macMF kernel: No NUMA configuration found
Mai 15 20:19:02 macMF kernel: Faking a node at [mem 0x0000000000000000-0x000000046f5fffff]
Mai 15 20:19:02 macMF kernel: NODE_DATA(0) allocated [mem 0x46f5d52c0-0x46f5fffff]
Mai 15 20:19:02 macMF kernel: Zone ranges:
Mai 15 20:19:02 macMF kernel:   DMA      [mem 0x0000000000001000-0x0000000000ffffff]
Mai 15 20:19:02 macMF kernel:   DMA32    [mem 0x0000000001000000-0x00000000ffffffff]
Mai 15 20:19:02 macMF kernel:   Normal   [mem 0x0000000100000000-0x000000046f5fffff]
Mai 15 20:19:02 macMF kernel:   Device   empty
Mai 15 20:19:02 macMF kernel: Movable zone start for each node
Mai 15 20:19:02 macMF kernel: Early memory node ranges
Mai 15 20:19:02 macMF kernel:   node   0: [mem 0x0000000000001000-0x0000000000057fff]
Mai 15 20:19:02 macMF kernel:   node   0: [mem 0x0000000000059000-0x000000000008efff]
Mai 15 20:19:02 macMF kernel:   node   0: [mem 0x0000000000090000-0x000000000009ffff]
Mai 15 20:19:02 macMF kernel:   node   0: [mem 0x0000000000100000-0x000000008ad0ffff]
Mai 15 20:19:02 macMF kernel:   node   0: [mem 0x000000008ad53000-0x000000008ad5bfff]
Mai 15 20:19:02 macMF kernel:   node   0: [mem 0x000000008ad8f000-0x000000008ae38fff]
Mai 15 20:19:02 macMF kernel:   node   0: [mem 0x000000008ae8f000-0x000000008aed1fff]
Mai 15 20:19:02 macMF kernel:   node   0: [mem 0x000000008aeff000-0x000000008af83fff]
Mai 15 20:19:02 macMF kernel:   node   0: [mem 0x000000008aff0000-0x000000008affffff]
Mai 15 20:19:02 macMF kernel:   node   0: [mem 0x0000000100000000-0x000000046f5fffff]
Mai 15 20:19:02 macMF kernel: Initmem setup node 0 [mem 0x0000000000001000-0x000000046f5fffff]
Mai 15 20:19:02 macMF kernel: On node 0, zone DMA: 1 pages in unavailable ranges
Mai 15 20:19:02 macMF kernel: On node 0, zone DMA: 1 pages in unavailable ranges
Mai 15 20:19:02 macMF kernel: On node 0, zone DMA: 1 pages in unavailable ranges
Mai 15 20:19:02 macMF kernel: On node 0, zone DMA: 96 pages in unavailable ranges
Mai 15 20:19:02 macMF kernel: On node 0, zone DMA32: 67 pages in unavailable ranges
Mai 15 20:19:02 macMF kernel: On node 0, zone DMA32: 51 pages in unavailable ranges
Mai 15 20:19:02 macMF kernel: On node 0, zone DMA32: 86 pages in unavailable ranges
Mai 15 20:19:02 macMF kernel: On node 0, zone DMA32: 45 pages in unavailable ranges
Mai 15 20:19:02 macMF kernel: On node 0, zone DMA32: 108 pages in unavailable ranges
Mai 15 20:19:02 macMF kernel: On node 0, zone Normal: 20480 pages in unavailable ranges
Mai 15 20:19:02 macMF kernel: On node 0, zone Normal: 2560 pages in unavailable ranges
Mai 15 20:19:02 macMF kernel: Reserving Intel graphics memory at [mem 0x8ba00000-0x8f9fffff]
Mai 15 20:19:02 macMF kernel: ACPI: PM-Timer IO Port: 0x1808
Mai 15 20:19:02 macMF kernel: ACPI: LAPIC_NMI (acpi_id[0x01] high edge lint[0x1])
Mai 15 20:19:02 macMF kernel: ACPI: LAPIC_NMI (acpi_id[0x02] high edge lint[0x1])
Mai 15 20:19:02 macMF kernel: ACPI: LAPIC_NMI (acpi_id[0x03] high edge lint[0x1])
Mai 15 20:19:02 macMF kernel: ACPI: LAPIC_NMI (acpi_id[0x04] high edge lint[0x1])
Mai 15 20:19:02 macMF kernel: ACPI: LAPIC_NMI (acpi_id[0x05] high edge lint[0x1])
Mai 15 20:19:02 macMF kernel: ACPI: LAPIC_NMI (acpi_id[0x06] high edge lint[0x1])
Mai 15 20:19:02 macMF kernel: ACPI: LAPIC_NMI (acpi_id[0x07] high edge lint[0x1])
Mai 15 20:19:02 macMF kernel: ACPI: LAPIC_NMI (acpi_id[0x08] high edge lint[0x1])
Mai 15 20:19:02 macMF kernel: IOAPIC[0]: apic_id 2, version 32, address 0xfec00000, GSI 0-39
Mai 15 20:19:02 macMF kernel: ACPI: INT_SRC_OVR (bus 0 bus_irq 0 global_irq 2 dfl dfl)
Mai 15 20:19:02 macMF kernel: ACPI: INT_SRC_OVR (bus 0 bus_irq 9 global_irq 9 high level)
Mai 15 20:19:02 macMF kernel: ACPI: Using ACPI (MADT) for SMP configuration information
Mai 15 20:19:02 macMF kernel: ACPI: HPET id: 0x8086a201 base: 0xfed00000
Mai 15 20:19:02 macMF kernel: TSC deadline timer available
Mai 15 20:19:02 macMF kernel: CPU topo: Max. logical packages:   1
Mai 15 20:19:02 macMF kernel: CPU topo: Max. logical dies:       1
Mai 15 20:19:02 macMF kernel: CPU topo: Max. dies per package:   1
Mai 15 20:19:02 macMF kernel: CPU topo: Max. threads per core:   2
Mai 15 20:19:02 macMF kernel: CPU topo: Num. cores per package:     2
Mai 15 20:19:02 macMF kernel: CPU topo: Num. threads per package:   4
Mai 15 20:19:02 macMF kernel: CPU topo: Allowing 4 present CPUs plus 0 hotplug CPUs
Mai 15 20:19:02 macMF kernel: PM: hibernation: Registered nosave memory: [mem 0x00000000-0x00000fff]
Mai 15 20:19:02 macMF kernel: PM: hibernation: Registered nosave memory: [mem 0x00058000-0x00058fff]
Mai 15 20:19:02 macMF kernel: PM: hibernation: Registered nosave memory: [mem 0x0008f000-0x0008ffff]
Mai 15 20:19:02 macMF kernel: PM: hibernation: Registered nosave memory: [mem 0x000a0000-0x000fffff]
Mai 15 20:19:02 macMF kernel: PM: hibernation: Registered nosave memory: [mem 0x8ad10000-0x8ad52fff]
Mai 15 20:19:02 macMF kernel: PM: hibernation: Registered nosave memory: [mem 0x8ad5c000-0x8ad8efff]
Mai 15 20:19:02 macMF kernel: PM: hibernation: Registered nosave memory: [mem 0x8ae39000-0x8ae8efff]
Mai 15 20:19:02 macMF kernel: PM: hibernation: Registered nosave memory: [mem 0x8aed2000-0x8aefefff]
Mai 15 20:19:02 macMF kernel: PM: hibernation: Registered nosave memory: [mem 0x8af84000-0x8afeffff]
Mai 15 20:19:02 macMF kernel: PM: hibernation: Registered nosave memory: [mem 0x8b000000-0xffffffff]
Mai 15 20:19:02 macMF kernel: [mem 0x8fa00000-0xe00f7fff] available for PCI devices
Mai 15 20:19:02 macMF kernel: Booting paravirtualized kernel on bare hardware
Mai 15 20:19:02 macMF kernel: clocksource: refined-jiffies: mask: 0xffffffff max_cycles: 0xffffffff, max_idle_ns: 1910969940391419 ns
Mai 15 20:19:02 macMF kernel: setup_percpu: NR_CPUS:8192 nr_cpumask_bits:4 nr_cpu_ids:4 nr_node_ids:1
Mai 15 20:19:02 macMF kernel: percpu: Embedded 67 pages/cpu s237568 r8192 d28672 u524288
Mai 15 20:19:02 macMF kernel: pcpu-alloc: s237568 r8192 d28672 u524288 alloc=1*2097152
Mai 15 20:19:02 macMF kernel: pcpu-alloc: [0] 0 1 2 3 
Mai 15 20:19:02 macMF kernel: Kernel command line: initrd=\e051814de5614c51b8c18e66dfd34c8e\6.14.6-arch1-1\initrd nvme_load=YES nowatchdog rw root=UUID=e614108a-29e5-4e17-b490-f51ce1293d30 resume=UUID=cbf55ddf-f434-40b7-ab52-7d09f736932e systemd.machine_id=e051814de5614c51b8c18e66dfd34c8e
Mai 15 20:19:02 macMF kernel: Unknown kernel command line parameters "nvme_load=YES", will be passed to user space.
Mai 15 20:19:02 macMF kernel: printk: log buffer data + meta data: 131072 + 458752 = 589824 bytes
Mai 15 20:19:02 macMF kernel: Dentry cache hash table entries: 2097152 (order: 12, 16777216 bytes, linear)
Mai 15 20:19:02 macMF kernel: Inode-cache hash table entries: 1048576 (order: 11, 8388608 bytes, linear)
Mai 15 20:19:02 macMF kernel: Fallback order for Node 0: 0 
Mai 15 20:19:02 macMF kernel: Built 1 zonelists, mobility grouping on.  Total pages: 4170808
Mai 15 20:19:02 macMF kernel: Policy zone: Normal
Mai 15 20:19:02 macMF kernel: mem auto-init: stack:all(zero), heap alloc:on, heap free:off
Mai 15 20:19:02 macMF kernel: software IO TLB: area num 4.
Mai 15 20:19:02 macMF kernel: SLUB: HWalign=64, Order=0-3, MinObjects=0, CPUs=4, Nodes=1
Mai 15 20:19:02 macMF kernel: Kernel/User page tables isolation: enabled
Mai 15 20:19:02 macMF kernel: ftrace: allocating 55528 entries in 217 pages
Mai 15 20:19:02 macMF kernel: ftrace: allocated 217 pages with 5 groups
Mai 15 20:19:02 macMF kernel: Dynamic Preempt: full
Mai 15 20:19:02 macMF kernel: rcu: Preemptible hierarchical RCU implementation.
Mai 15 20:19:02 macMF kernel: rcu:         RCU restricting CPUs from NR_CPUS=8192 to nr_cpu_ids=4.
Mai 15 20:19:02 macMF kernel: rcu:         RCU priority boosting: priority 1 delay 500 ms.
Mai 15 20:19:02 macMF kernel:         Trampoline variant of Tasks RCU enabled.
Mai 15 20:19:02 macMF kernel:         Rude variant of Tasks RCU enabled.
Mai 15 20:19:02 macMF kernel:         Tracing variant of Tasks RCU enabled.
Mai 15 20:19:02 macMF kernel: rcu: RCU calculated value of scheduler-enlistment delay is 100 jiffies.
Mai 15 20:19:02 macMF kernel: rcu: Adjusting geometry for rcu_fanout_leaf=16, nr_cpu_ids=4
Mai 15 20:19:02 macMF kernel: RCU Tasks: Setting shift to 2 and lim to 1 rcu_task_cb_adjust=1 rcu_task_cpu_ids=4.
Mai 15 20:19:02 macMF kernel: RCU Tasks Rude: Setting shift to 2 and lim to 1 rcu_task_cb_adjust=1 rcu_task_cpu_ids=4.
Mai 15 20:19:02 macMF kernel: RCU Tasks Trace: Setting shift to 2 and lim to 1 rcu_task_cb_adjust=1 rcu_task_cpu_ids=4.
Mai 15 20:19:02 macMF kernel: NR_IRQS: 524544, nr_irqs: 728, preallocated irqs: 16
Mai 15 20:19:02 macMF kernel: rcu: srcu_init: Setting srcu_struct sizes based on contention.
Mai 15 20:19:02 macMF kernel: kfence: initialized - using 2097152 bytes for 255 objects at 0x(____ptrval____)-0x(____ptrval____)
Mai 15 20:19:02 macMF kernel: Console: colour dummy device 80x25
Mai 15 20:19:02 macMF kernel: printk: legacy console [tty0] enabled
Mai 15 20:19:02 macMF kernel: ACPI: Core revision 20240827
Mai 15 20:19:02 macMF kernel: hpet: HPET dysfunctional in PC10. Force disabled.
Mai 15 20:19:02 macMF kernel: APIC: Switch to symmetric I/O mode setup
Mai 15 20:19:02 macMF kernel: DMAR: Host address width 39
Mai 15 20:19:02 macMF kernel: DMAR: DRHD base: 0x000000fed90000 flags: 0x0
Mai 15 20:19:02 macMF kernel: DMAR: dmar0: reg_base_addr fed90000 ver 1:0 cap c0000020660462 ecap f0101a
Mai 15 20:19:02 macMF kernel: DMAR: DRHD base: 0x000000fed91000 flags: 0x1
Mai 15 20:19:02 macMF kernel: DMAR: dmar1: reg_base_addr fed91000 ver 1:0 cap d2008020660462 ecap f010da
Mai 15 20:19:02 macMF kernel: DMAR: RMRR base: 0x0000008b800000 end: 0x0000008f9fffff
Mai 15 20:19:02 macMF kernel: DMAR-IR: IOAPIC id 2 under DRHD base  0xfed91000 IOMMU 1
Mai 15 20:19:02 macMF kernel: DMAR-IR: HPET id 0 under DRHD base 0xfed91000
Mai 15 20:19:02 macMF kernel: DMAR-IR: Queued invalidation will be enabled to support x2apic and Intr-remapping.
Mai 15 20:19:02 macMF kernel: DMAR-IR: Enabled IRQ remapping in x2apic mode
Mai 15 20:19:02 macMF kernel: x2apic enabled
Mai 15 20:19:02 macMF kernel: APIC: Switched APIC routing to: cluster x2apic
Mai 15 20:19:02 macMF kernel: clocksource: tsc-early: mask: 0xffffffffffffffff max_cycles: 0x2b3e8b76115, max_idle_ns: 440795261169 ns
Mai 15 20:19:02 macMF kernel: Calibrating delay loop (skipped), value calculated using timer frequency.. 6000.14 BogoMIPS (lpj=3000074)
Mai 15 20:19:02 macMF kernel: CPU0: Thermal monitoring enabled (TM1)
Mai 15 20:19:02 macMF kernel: Last level iTLB entries: 4KB 1024, 2MB 1024, 4MB 1024
Mai 15 20:19:02 macMF kernel: Last level dTLB entries: 4KB 1024, 2MB 1024, 4MB 1024, 1GB 4
Mai 15 20:19:02 macMF kernel: process: using mwait in idle threads
Mai 15 20:19:02 macMF kernel: Spectre V1 : Mitigation: usercopy/swapgs barriers and __user pointer sanitization
Mai 15 20:19:02 macMF kernel: Spectre V2 : Mitigation: Retpolines
Mai 15 20:19:02 macMF kernel: Spectre V2 : Spectre v2 / SpectreRSB: Filling RSB on context switch and VMEXIT
Mai 15 20:19:02 macMF kernel: Spectre V2 : Enabling Restricted Speculation for firmware calls
Mai 15 20:19:02 macMF kernel: Spectre V2 : mitigation: Enabling conditional Indirect Branch Prediction Barrier
Mai 15 20:19:02 macMF kernel: Spectre V2 : User space: Mitigation: STIBP via prctl
Mai 15 20:19:02 macMF kernel: Speculative Store Bypass: Mitigation: Speculative Store Bypass disabled via prctl
Mai 15 20:19:02 macMF kernel: MDS: Mitigation: Clear CPU buffers
Mai 15 20:19:02 macMF kernel: MMIO Stale Data: Unknown: No mitigations
Mai 15 20:19:02 macMF kernel: SRBDS: Mitigation: Microcode
Mai 15 20:19:02 macMF kernel: x86/fpu: Supporting XSAVE feature 0x001: 'x87 floating point registers'
Mai 15 20:19:02 macMF kernel: x86/fpu: Supporting XSAVE feature 0x002: 'SSE registers'
Mai 15 20:19:02 macMF kernel: x86/fpu: Supporting XSAVE feature 0x004: 'AVX registers'
Mai 15 20:19:02 macMF kernel: x86/fpu: xstate_offset[2]:  576, xstate_sizes[2]:  256
Mai 15 20:19:02 macMF kernel: x86/fpu: Enabled xstate features 0x7, context size is 832 bytes, using 'standard' format.
Mai 15 20:19:02 macMF kernel: Freeing SMP alternatives memory: 48K
Mai 15 20:19:02 macMF kernel: pid_max: default: 32768 minimum: 301
Mai 15 20:19:02 macMF kernel: LSM: initializing lsm=capability,landlock,lockdown,yama,bpf
Mai 15 20:19:02 macMF kernel: landlock: Up and running.
Mai 15 20:19:02 macMF kernel: Yama: becoming mindful.
Mai 15 20:19:02 macMF kernel: LSM support for eBPF active
Mai 15 20:19:02 macMF kernel: Mount-cache hash table entries: 32768 (order: 6, 262144 bytes, linear)
Mai 15 20:19:02 macMF kernel: Mountpoint-cache hash table entries: 32768 (order: 6, 262144 bytes, linear)
Mai 15 20:19:02 macMF kernel: smpboot: CPU0: Intel(R) Core(TM) i7-4578U CPU @ 3.00GHz (family: 0x6, model: 0x45, stepping: 0x1)
Mai 15 20:19:02 macMF kernel: Performance Events: PEBS fmt2+, Haswell events, 16-deep LBR, full-width counters, Intel PMU driver.
Mai 15 20:19:02 macMF kernel: ... version:                3
Mai 15 20:19:02 macMF kernel: ... bit width:              48
Mai 15 20:19:02 macMF kernel: ... generic registers:      4
Mai 15 20:19:02 macMF kernel: ... value mask:             0000ffffffffffff
Mai 15 20:19:02 macMF kernel: ... max period:             00007fffffffffff
Mai 15 20:19:02 macMF kernel: ... fixed-purpose events:   3
Mai 15 20:19:02 macMF kernel: ... event mask:             000000070000000f
Mai 15 20:19:02 macMF kernel: signal: max sigframe size: 1776
Mai 15 20:19:02 macMF kernel: Estimated ratio of average max frequency by base frequency (times 1024): 1160
Mai 15 20:19:02 macMF kernel: rcu: Hierarchical SRCU implementation.
Mai 15 20:19:02 macMF kernel: rcu:         Max phase no-delay instances is 400.
Mai 15 20:19:02 macMF kernel: Timer migration: 1 hierarchy levels; 8 children per group; 1 crossnode level
Mai 15 20:19:02 macMF kernel: smp: Bringing up secondary CPUs ...
Mai 15 20:19:02 macMF kernel: smpboot: x86: Booting SMP configuration:
Mai 15 20:19:02 macMF kernel: .... node  #0, CPUs:      #1 #2 #3
Mai 15 20:19:02 macMF kernel: MDS CPU bug present and SMT on, data leak possible. See https://www.kernel.org/doc/html/latest/admin-guide/hw-vuln/mds.html for more details.
Mai 15 20:19:02 macMF kernel: smp: Brought up 1 node, 4 CPUs
Mai 15 20:19:02 macMF kernel: smpboot: Total of 4 processors activated (24000.59 BogoMIPS)
Mai 15 20:19:02 macMF kernel: Memory: 16239864K/16683232K available (19367K kernel code, 2903K rwdata, 16276K rodata, 4528K init, 5264K bss, 431780K reserved, 0K cma-reserved)
Mai 15 20:19:02 macMF kernel: devtmpfs: initialized
Mai 15 20:19:02 macMF kernel: x86/mm: Memory block size: 128MB
Mai 15 20:19:02 macMF kernel: ACPI: PM: Registering ACPI NVS region [mem 0x8ad10000-0x8ad52fff] (274432 bytes)
Mai 15 20:19:02 macMF kernel: clocksource: jiffies: mask: 0xffffffff max_cycles: 0xffffffff, max_idle_ns: 1911260446275000 ns
Mai 15 20:19:02 macMF kernel: futex hash table entries: 1024 (order: 4, 65536 bytes, linear)
Mai 15 20:19:02 macMF kernel: pinctrl core: initialized pinctrl subsystem
Mai 15 20:19:02 macMF kernel: PM: RTC time: 18:18:59, date: 2025-05-15
Mai 15 20:19:02 macMF kernel: NET: Registered PF_NETLINK/PF_ROUTE protocol family
Mai 15 20:19:02 macMF kernel: DMA: preallocated 2048 KiB GFP_KERNEL pool for atomic allocations
Mai 15 20:19:02 macMF kernel: DMA: preallocated 2048 KiB GFP_KERNEL|GFP_DMA pool for atomic allocations
Mai 15 20:19:02 macMF kernel: DMA: preallocated 2048 KiB GFP_KERNEL|GFP_DMA32 pool for atomic allocations
Mai 15 20:19:02 macMF kernel: audit: initializing netlink subsys (disabled)
Mai 15 20:19:02 macMF kernel: audit: type=2000 audit(1747333139.019:1): state=initialized audit_enabled=0 res=1
Mai 15 20:19:02 macMF kernel: thermal_sys: Registered thermal governor 'fair_share'
Mai 15 20:19:02 macMF kernel: thermal_sys: Registered thermal governor 'bang_bang'
Mai 15 20:19:02 macMF kernel: thermal_sys: Registered thermal governor 'step_wise'
Mai 15 20:19:02 macMF kernel: thermal_sys: Registered thermal governor 'user_space'
Mai 15 20:19:02 macMF kernel: thermal_sys: Registered thermal governor 'power_allocator'
Mai 15 20:19:02 macMF kernel: cpuidle: using governor ladder
Mai 15 20:19:02 macMF kernel: cpuidle: using governor menu
Mai 15 20:19:02 macMF kernel: acpiphp: ACPI Hot Plug PCI Controller Driver version: 0.5
Mai 15 20:19:02 macMF kernel: PCI: ECAM [mem 0xe0000000-0xe9bfffff] (base 0xe0000000) for domain 0000 [bus 00-9b]
Mai 15 20:19:02 macMF kernel: PCI: Using configuration type 1 for base access
Mai 15 20:19:02 macMF kernel: core: PMU erratum BJ122, BV98, HSD29 worked around, HT is on
Mai 15 20:19:02 macMF kernel: kprobes: kprobe jump-optimization is enabled. All kprobes are optimized if possible.
Mai 15 20:19:02 macMF kernel: HugeTLB: registered 1.00 GiB page size, pre-allocated 0 pages
Mai 15 20:19:02 macMF kernel: HugeTLB: 16380 KiB vmemmap can be freed for a 1.00 GiB page
Mai 15 20:19:02 macMF kernel: HugeTLB: registered 2.00 MiB page size, pre-allocated 0 pages
Mai 15 20:19:02 macMF kernel: HugeTLB: 28 KiB vmemmap can be freed for a 2.00 MiB page
Mai 15 20:19:02 macMF kernel: raid6: skipped pq benchmark and selected avx2x4
Mai 15 20:19:02 macMF kernel: raid6: using avx2x2 recovery algorithm
Mai 15 20:19:02 macMF kernel: ACPI: Disabled all _OSI OS vendors
Mai 15 20:19:02 macMF kernel: ACPI: Added _OSI(Module Device)
Mai 15 20:19:02 macMF kernel: ACPI: Added _OSI(Processor Device)
Mai 15 20:19:02 macMF kernel: ACPI: Added _OSI(3.0 _SCP Extensions)
Mai 15 20:19:02 macMF kernel: ACPI: Added _OSI(Processor Aggregator Device)
Mai 15 20:19:02 macMF kernel: ACPI: Added _OSI(Darwin)
Mai 15 20:19:02 macMF kernel: ACPI: 10 ACPI AML tables successfully acquired and loaded
Mai 15 20:19:02 macMF kernel: ACPI: EC: EC started
Mai 15 20:19:02 macMF kernel: ACPI: EC: interrupt blocked
Mai 15 20:19:02 macMF kernel: ACPI: EC: EC_CMD/EC_SC=0x66, EC_DATA=0x62
Mai 15 20:19:02 macMF kernel: ACPI: EC: Boot ECDT EC used to handle transactions
Mai 15 20:19:02 macMF kernel: ACPI: BIOS _OSI(Darwin) query honored via DMI
Mai 15 20:19:02 macMF kernel: ACPI: [Firmware Bug]: BIOS _OSI(Linux) query ignored
Mai 15 20:19:02 macMF kernel: ACPI: Dynamic OEM Table Load:
Mai 15 20:19:02 macMF kernel: ACPI: SSDT 0xFFFF8C3D01970000 0004F0 (v01 PmRef  Cpu0Cst  00003001 INTL 20100915)
Mai 15 20:19:02 macMF kernel: ACPI: Dynamic OEM Table Load:
Mai 15 20:19:02 macMF kernel: ACPI: SSDT 0xFFFF8C3D01974800 00067C (v01 PmRef  ApIst    00003000 INTL 20100915)
Mai 15 20:19:02 macMF kernel: ACPI: Dynamic OEM Table Load:
Mai 15 20:19:02 macMF kernel: ACPI: SSDT 0xFFFF8C3D019E4A00 000119 (v01 PmRef  ApCst    00003000 INTL 20100915)
Mai 15 20:19:02 macMF kernel: ACPI: Interpreter enabled
Mai 15 20:19:02 macMF kernel: ACPI: PM: (supports S0 S3 S4 S5)
Mai 15 20:19:02 macMF kernel: ACPI: Using IOAPIC for interrupt routing
Mai 15 20:19:02 macMF kernel: PCI: Using host bridge windows from ACPI; if necessary, use "pci=nocrs" and report a bug
Mai 15 20:19:02 macMF kernel: PCI: Ignoring E820 reservations for host bridge windows
Mai 15 20:19:02 macMF kernel: ACPI: Enabled 4 GPEs in block 00 to 7F
Mai 15 20:19:02 macMF kernel: ACPI: PCI Root Bridge [PCI0] (domain 0000 [bus 00-ff])
Mai 15 20:19:02 macMF kernel: acpi PNP0A08:00: _OSC: OS assumes control of [PCIeHotplug SHPCHotplug AER PCIeCapability LTR DPC]
Mai 15 20:19:02 macMF kernel: acpi PNP0A08:00: [Firmware Info]: ECAM [mem 0xe0000000-0xe9bfffff] for domain 0000 [bus 00-9b] only partially covers this bridge
Mai 15 20:19:02 macMF kernel: PCI host bridge to bus 0000:00
Mai 15 20:19:02 macMF kernel: pci_bus 0000:00: root bus resource [io  0x0000-0x0cf7 window]
Mai 15 20:19:02 macMF kernel: pci_bus 0000:00: root bus resource [io  0x0d00-0xffff window]
Mai 15 20:19:02 macMF kernel: pci_bus 0000:00: root bus resource [mem 0x000a0000-0x000fffff window]
Mai 15 20:19:02 macMF kernel: pci_bus 0000:00: root bus resource [mem 0x8fa00000-0xfeafffff window]
Mai 15 20:19:02 macMF kernel: pci_bus 0000:00: root bus resource [mem 0xfed40000-0xfed44fff window]
Mai 15 20:19:02 macMF kernel: pci_bus 0000:00: root bus resource [bus 00-ff]
Mai 15 20:19:02 macMF kernel: pci 0000:00:00.0: [8086:0a04] type 00 class 0x060000 conventional PCI endpoint
Mai 15 20:19:02 macMF kernel: pci 0000:00:02.0: [8086:0a2e] type 00 class 0x030000 conventional PCI endpoint
Mai 15 20:19:02 macMF kernel: pci 0000:00:02.0: BAR 0 [mem 0xb0000000-0xb03fffff 64bit]
Mai 15 20:19:02 macMF kernel: pci 0000:00:02.0: BAR 2 [mem 0xa0000000-0xafffffff 64bit pref]
Mai 15 20:19:02 macMF kernel: pci 0000:00:02.0: BAR 4 [io  0x2000-0x203f]
Mai 15 20:19:02 macMF kernel: pci 0000:00:02.0: Video device with shadowed ROM at [mem 0x000c0000-0x000dffff]
Mai 15 20:19:02 macMF kernel: pci 0000:00:03.0: [8086:0a0c] type 00 class 0x040300 PCIe Root Complex Integrated Endpoint
Mai 15 20:19:02 macMF kernel: pci 0000:00:03.0: BAR 0 [mem 0xb0a10000-0xb0a13fff 64bit]
Mai 15 20:19:02 macMF kernel: pci 0000:00:14.0: [8086:9c31] type 00 class 0x0c0330 conventional PCI endpoint
Mai 15 20:19:02 macMF kernel: pci 0000:00:14.0: BAR 0 [mem 0xb0a00000-0xb0a0ffff 64bit]
Mai 15 20:19:02 macMF kernel: pci 0000:00:14.0: PME# supported from D3hot D3cold
Mai 15 20:19:02 macMF kernel: pci 0000:00:16.0: [8086:9c3a] type 00 class 0x078000 conventional PCI endpoint
Mai 15 20:19:02 macMF kernel: pci 0000:00:16.0: BAR 0 [mem 0xb0a2a100-0xb0a2a11f 64bit]
Mai 15 20:19:02 macMF kernel: pci 0000:00:16.0: PME# supported from D0 D3hot D3cold
Mai 15 20:19:02 macMF kernel: pci 0000:00:1b.0: [8086:9c20] type 00 class 0x040300 PCIe Root Complex Integrated Endpoint
Mai 15 20:19:02 macMF kernel: pci 0000:00:1b.0: BAR 0 [mem 0xb0a14000-0xb0a17fff 64bit]
Mai 15 20:19:02 macMF kernel: pci 0000:00:1b.0: PME# supported from D0 D3hot D3cold
Mai 15 20:19:02 macMF kernel: pci 0000:00:1c.0: [8086:9c10] type 01 class 0x060400 PCIe Root Port
Mai 15 20:19:02 macMF kernel: pci 0000:00:1c.0: PCI bridge to [bus 01]
Mai 15 20:19:02 macMF kernel: pci 0000:00:1c.0: PME# supported from D0 D3hot D3cold
Mai 15 20:19:02 macMF kernel: pci 0000:00:1c.1: [8086:9c12] type 01 class 0x060400 PCIe Root Port
Mai 15 20:19:02 macMF kernel: pci 0000:00:1c.1: PCI bridge to [bus 02]
Mai 15 20:19:02 macMF kernel: pci 0000:00:1c.1:   bridge window [mem 0xb0800000-0xb09fffff]
Mai 15 20:19:02 macMF kernel: pci 0000:00:1c.1:   bridge window [mem 0x90000000-0x9fffffff 64bit pref]
Mai 15 20:19:02 macMF kernel: pci 0000:00:1c.1: PME# supported from D0 D3hot D3cold
Mai 15 20:19:02 macMF kernel: pci 0000:00:1c.2: [8086:9c14] type 01 class 0x060400 PCIe Root Port
Mai 15 20:19:02 macMF kernel: pci 0000:00:1c.2: PCI bridge to [bus 03]
Mai 15 20:19:02 macMF kernel: pci 0000:00:1c.2:   bridge window [mem 0xb0400000-0xb06fffff]
Mai 15 20:19:02 macMF kernel: pci 0000:00:1c.2: PME# supported from D0 D3hot D3cold
Mai 15 20:19:02 macMF kernel: pci 0000:00:1c.4: [8086:9c18] type 01 class 0x060400 PCIe Root Port
Mai 15 20:19:02 macMF kernel: pci 0000:00:1c.4: PCI bridge to [bus 05-9b]
Mai 15 20:19:02 macMF kernel: pci 0000:00:1c.4:   bridge window [io  0x3000-0x5fff]
Mai 15 20:19:02 macMF kernel: pci 0000:00:1c.4:   bridge window [mem 0xb0b00000-0xbcbfffff]
Mai 15 20:19:02 macMF kernel: pci 0000:00:1c.4:   bridge window [mem 0xbcc00000-0xc8bfffff 64bit pref]
Mai 15 20:19:02 macMF kernel: pci 0000:00:1c.4: PME# supported from D0 D3hot D3cold
Mai 15 20:19:02 macMF kernel: pci 0000:00:1c.5: [8086:9c1a] type 01 class 0x060400 PCIe Root Port
Mai 15 20:19:02 macMF kernel: pci 0000:00:1c.5: PCI bridge to [bus 04]
Mai 15 20:19:02 macMF kernel: pci 0000:00:1c.5:   bridge window [mem 0xb0700000-0xb07fffff]
Mai 15 20:19:02 macMF kernel: pci 0000:00:1c.5: PME# supported from D0 D3hot D3cold
Mai 15 20:19:02 macMF kernel: pci 0000:00:1f.0: [8086:9c43] type 00 class 0x060100 conventional PCI endpoint
Mai 15 20:19:02 macMF kernel: pci 0000:00:1f.3: [8086:9c22] type 00 class 0x0c0500 conventional PCI endpoint
Mai 15 20:19:02 macMF kernel: pci 0000:00:1f.3: BAR 0 [mem 0xb0a2a000-0xb0a2a0ff 64bit]
Mai 15 20:19:02 macMF kernel: pci 0000:00:1f.3: BAR 4 [io  0xefa0-0xefbf]
Mai 15 20:19:02 macMF kernel: pci 0000:00:1c.0: PCI bridge to [bus 01]
Mai 15 20:19:02 macMF kernel: pci 0000:02:00.0: [14e4:1570] type 00 class 0x048000 PCIe Endpoint
Mai 15 20:19:02 macMF kernel: pci 0000:02:00.0: BAR 0 [mem 0xb0900000-0xb090ffff 64bit]
Mai 15 20:19:02 macMF kernel: pci 0000:02:00.0: BAR 2 [mem 0x90000000-0x9fffffff 64bit pref]
Mai 15 20:19:02 macMF kernel: pci 0000:02:00.0: BAR 4 [mem 0xb0800000-0xb08fffff 64bit]
Mai 15 20:19:02 macMF kernel: pci 0000:02:00.0: supports D1
Mai 15 20:19:02 macMF kernel: pci 0000:02:00.0: PME# supported from D0 D3hot
Mai 15 20:19:02 macMF kernel: pci 0000:00:1c.1: PCI bridge to [bus 02]
Mai 15 20:19:02 macMF kernel: pci 0000:03:00.0: [14e4:43a0] type 00 class 0x028000 PCIe Endpoint
Mai 15 20:19:02 macMF kernel: pci 0000:03:00.0: BAR 0 [mem 0xb0600000-0xb0607fff 64bit]
Mai 15 20:19:02 macMF kernel: pci 0000:03:00.0: BAR 2 [mem 0xb0400000-0xb05fffff 64bit]
Mai 15 20:19:02 macMF kernel: pci 0000:03:00.0: supports D1 D2
Mai 15 20:19:02 macMF kernel: pci 0000:03:00.0: PME# supported from D0 D1 D2 D3hot D3cold
Mai 15 20:19:02 macMF kernel: pci 0000:00:1c.2: PCI bridge to [bus 03]
Mai 15 20:19:02 macMF kernel: pci 0000:05:00.0: [8086:156d] type 01 class 0x060400 PCIe Switch Upstream Port
Mai 15 20:19:02 macMF kernel: pci 0000:05:00.0: PCI bridge to [bus 06-6b]
Mai 15 20:19:02 macMF kernel: pci 0000:05:00.0:   bridge window [io  0x3000-0x4fff]
Mai 15 20:19:02 macMF kernel: pci 0000:05:00.0:   bridge window [mem 0xb0b00000-0xb8bfffff]
Mai 15 20:19:02 macMF kernel: pci 0000:05:00.0:   bridge window [mem 0xbcc00000-0xc4bfffff 64bit pref]
Mai 15 20:19:02 macMF kernel: pci 0000:05:00.0: enabling Extended Tags
Mai 15 20:19:02 macMF kernel: pci 0000:05:00.0: supports D1 D2
Mai 15 20:19:02 macMF kernel: pci 0000:05:00.0: PME# supported from D0 D1 D2 D3hot D3cold
Mai 15 20:19:02 macMF kernel: pci 0000:00:1c.4: PCI bridge to [bus 05-9b]
Mai 15 20:19:02 macMF kernel: pci 0000:06:00.0: [8086:156d] type 01 class 0x060400 PCIe Switch Downstream Port
Mai 15 20:19:02 macMF kernel: pci 0000:06:00.0: PCI bridge to [bus 07]
Mai 15 20:19:02 macMF kernel: pci 0000:06:00.0:   bridge window [mem 0xb0b00000-0xb0bfffff]
Mai 15 20:19:02 macMF kernel: pci 0000:06:00.0: enabling Extended Tags
Mai 15 20:19:02 macMF kernel: pci 0000:06:00.0: supports D1 D2
Mai 15 20:19:02 macMF kernel: pci 0000:06:00.0: PME# supported from D0 D1 D2 D3hot D3cold
Mai 15 20:19:02 macMF kernel: pci 0000:06:03.0: [8086:156d] type 01 class 0x060400 PCIe Switch Downstream Port
Mai 15 20:19:02 macMF kernel: pci 0000:06:03.0: PCI bridge to [bus 08-38]
Mai 15 20:19:02 macMF kernel: pci 0000:06:03.0:   bridge window [io  0x3000-0x3fff]
Mai 15 20:19:02 macMF kernel: pci 0000:06:03.0:   bridge window [mem 0xb0c00000-0xb4bfffff]
Mai 15 20:19:02 macMF kernel: pci 0000:06:03.0:   bridge window [mem 0xbcc00000-0xc0bfffff 64bit pref]
Mai 15 20:19:02 macMF kernel: pci 0000:06:03.0: enabling Extended Tags
Mai 15 20:19:02 macMF kernel: pci 0000:06:03.0: supports D1 D2
Mai 15 20:19:02 macMF kernel: pci 0000:06:03.0: PME# supported from D0 D1 D2 D3hot D3cold
Mai 15 20:19:02 macMF kernel: pci 0000:06:04.0: [8086:156d] type 01 class 0x060400 PCIe Switch Downstream Port
Mai 15 20:19:02 macMF kernel: pci 0000:06:04.0: PCI bridge to [bus 39]
Mai 15 20:19:02 macMF kernel: pci 0000:06:04.0: enabling Extended Tags
Mai 15 20:19:02 macMF kernel: pci 0000:06:04.0: supports D1 D2
Mai 15 20:19:02 macMF kernel: pci 0000:06:04.0: PME# supported from D0 D1 D2 D3hot D3cold
Mai 15 20:19:02 macMF kernel: pci 0000:06:05.0: [8086:156d] type 01 class 0x060400 PCIe Switch Downstream Port
Mai 15 20:19:02 macMF kernel: pci 0000:06:05.0: PCI bridge to [bus 3a-6a]
Mai 15 20:19:02 macMF kernel: pci 0000:06:05.0:   bridge window [io  0x4000-0x4fff]
Mai 15 20:19:02 macMF kernel: pci 0000:06:05.0:   bridge window [mem 0xb4c00000-0xb8bfffff]
Mai 15 20:19:02 macMF kernel: pci 0000:06:05.0:   bridge window [mem 0xc0c00000-0xc4bfffff 64bit pref]
Mai 15 20:19:02 macMF kernel: pci 0000:06:05.0: enabling Extended Tags
Mai 15 20:19:02 macMF kernel: pci 0000:06:05.0: supports D1 D2
Mai 15 20:19:02 macMF kernel: pci 0000:06:05.0: PME# supported from D0 D1 D2 D3hot D3cold
Mai 15 20:19:02 macMF kernel: pci 0000:06:06.0: [8086:156d] type 01 class 0x060400 PCIe Switch Downstream Port
Mai 15 20:19:02 macMF kernel: pci 0000:06:06.0: PCI bridge to [bus 6b]
Mai 15 20:19:02 macMF kernel: pci 0000:06:06.0: enabling Extended Tags
Mai 15 20:19:02 macMF kernel: pci 0000:06:06.0: supports D1 D2
Mai 15 20:19:02 macMF kernel: pci 0000:06:06.0: PME# supported from D0 D1 D2 D3hot D3cold
Mai 15 20:19:02 macMF kernel: pci 0000:05:00.0: PCI bridge to [bus 06-6b]
Mai 15 20:19:02 macMF kernel: pci 0000:07:00.0: [8086:156c] type 00 class 0x088000 PCIe Endpoint
Mai 15 20:19:02 macMF kernel: pci 0000:07:00.0: BAR 0 [mem 0xb0b00000-0xb0b3ffff]
Mai 15 20:19:02 macMF kernel: pci 0000:07:00.0: BAR 1 [mem 0xb0b40000-0xb0b40fff]
Mai 15 20:19:02 macMF kernel: pci 0000:07:00.0: enabling Extended Tags
Mai 15 20:19:02 macMF kernel: pci 0000:07:00.0: supports D1 D2
Mai 15 20:19:02 macMF kernel: pci 0000:07:00.0: PME# supported from D0 D1 D2 D3hot D3cold
Mai 15 20:19:02 macMF kernel: pci 0000:06:00.0: PCI bridge to [bus 07]
Mai 15 20:19:02 macMF kernel: pci 0000:06:03.0: PCI bridge to [bus 08-38]
Mai 15 20:19:02 macMF kernel: pci 0000:06:04.0: PCI bridge to [bus 39]
Mai 15 20:19:02 macMF kernel: pci 0000:06:05.0: PCI bridge to [bus 3a-6a]
Mai 15 20:19:02 macMF kernel: pci 0000:06:06.0: PCI bridge to [bus 6b]
Mai 15 20:19:02 macMF kernel: pci 0000:04:00.0: [144d:a801] type 00 class 0x010601 PCIe Endpoint
Mai 15 20:19:02 macMF kernel: pci 0000:04:00.0: BAR 5 [mem 0xb0700000-0xb0701fff]
Mai 15 20:19:02 macMF kernel: pci 0000:04:00.0: 16.000 Gb/s available PCIe bandwidth, limited by 5.0 GT/s PCIe x4 link at 0000:00:1c.5 (capable of 31.504 Gb/s with 8.0 GT/s PCIe x4 link)
Mai 15 20:19:02 macMF kernel: pci 0000:00:1c.5: PCI bridge to [bus 04]
Mai 15 20:19:02 macMF kernel: ACPI: PCI: Interrupt link LNKA configured for IRQ 0
Mai 15 20:19:02 macMF kernel: ACPI: PCI: Interrupt link LNKA disabled
Mai 15 20:19:02 macMF kernel: ACPI: PCI: Interrupt link LNKB configured for IRQ 0
Mai 15 20:19:02 macMF kernel: ACPI: PCI: Interrupt link LNKB disabled
Mai 15 20:19:02 macMF kernel: ACPI: PCI: Interrupt link LNKC configured for IRQ 0
Mai 15 20:19:02 macMF kernel: ACPI: PCI: Interrupt link LNKC disabled
Mai 15 20:19:02 macMF kernel: ACPI: PCI: Interrupt link LNKD configured for IRQ 0
Mai 15 20:19:02 macMF kernel: ACPI: PCI: Interrupt link LNKD disabled
Mai 15 20:19:02 macMF kernel: ACPI: PCI: Interrupt link LNKE configured for IRQ 0
Mai 15 20:19:02 macMF kernel: ACPI: PCI: Interrupt link LNKE disabled
Mai 15 20:19:02 macMF kernel: ACPI: PCI: Interrupt link LNKF configured for IRQ 0
Mai 15 20:19:02 macMF kernel: ACPI: PCI: Interrupt link LNKF disabled
Mai 15 20:19:02 macMF kernel: ACPI: PCI: Interrupt link LNKG configured for IRQ 0
Mai 15 20:19:02 macMF kernel: ACPI: PCI: Interrupt link LNKG disabled
Mai 15 20:19:02 macMF kernel: ACPI: PCI: Interrupt link LNKH configured for IRQ 0
Mai 15 20:19:02 macMF kernel: ACPI: PCI: Interrupt link LNKH disabled
Mai 15 20:19:02 macMF kernel: ACPI: EC: interrupt unblocked
Mai 15 20:19:02 macMF kernel: ACPI: EC: event unblocked
Mai 15 20:19:02 macMF kernel: ACPI: EC: EC_CMD/EC_SC=0x66, EC_DATA=0x62
Mai 15 20:19:02 macMF kernel: ACPI: EC: GPE=0x4e
Mai 15 20:19:02 macMF kernel: ACPI: \_SB_.PCI0.LPCB.EC__: Boot ECDT EC initialization complete
Mai 15 20:19:02 macMF kernel: ACPI: \_SB_.PCI0.LPCB.EC__: EC: Used to handle transactions and events
Mai 15 20:19:02 macMF kernel: iommu: Default domain type: Translated
Mai 15 20:19:02 macMF kernel: iommu: DMA domain TLB invalidation policy: lazy mode
Mai 15 20:19:02 macMF kernel: SCSI subsystem initialized
Mai 15 20:19:02 macMF kernel: libata version 3.00 loaded.
Mai 15 20:19:02 macMF kernel: ACPI: bus type USB registered
Mai 15 20:19:02 macMF kernel: usbcore: registered new interface driver usbfs
Mai 15 20:19:02 macMF kernel: usbcore: registered new interface driver hub
Mai 15 20:19:02 macMF kernel: usbcore: registered new device driver usb
Mai 15 20:19:02 macMF kernel: EDAC MC: Ver: 3.0.0
Mai 15 20:19:02 macMF kernel: efivars: Registered efivars operations
Mai 15 20:19:02 macMF kernel: NetLabel: Initializing
Mai 15 20:19:02 macMF kernel: NetLabel:  domain hash size = 128
Mai 15 20:19:02 macMF kernel: NetLabel:  protocols = UNLABELED CIPSOv4 CALIPSO
Mai 15 20:19:02 macMF kernel: NetLabel:  unlabeled traffic allowed by default
Mai 15 20:19:02 macMF kernel: mctp: management component transport protocol core
Mai 15 20:19:02 macMF kernel: NET: Registered PF_MCTP protocol family
Mai 15 20:19:02 macMF kernel: PCI: Using ACPI for IRQ routing
Mai 15 20:19:02 macMF kernel: PCI: pci_cache_line_size set to 64 bytes
Mai 15 20:19:02 macMF kernel: e820: reserve RAM buffer [mem 0x00058000-0x0005ffff]
Mai 15 20:19:02 macMF kernel: e820: reserve RAM buffer [mem 0x0008f000-0x0008ffff]
Mai 15 20:19:02 macMF kernel: e820: reserve RAM buffer [mem 0x74924190-0x77ffffff]
Mai 15 20:19:02 macMF kernel: e820: reserve RAM buffer [mem 0x74996810-0x77ffffff]
Mai 15 20:19:02 macMF kernel: e820: reserve RAM buffer [mem 0x8ad10000-0x8bffffff]
Mai 15 20:19:02 macMF kernel: e820: reserve RAM buffer [mem 0x8ad5c000-0x8bffffff]
Mai 15 20:19:02 macMF kernel: e820: reserve RAM buffer [mem 0x8ae39000-0x8bffffff]
Mai 15 20:19:02 macMF kernel: e820: reserve RAM buffer [mem 0x8aed2000-0x8bffffff]
Mai 15 20:19:02 macMF kernel: e820: reserve RAM buffer [mem 0x8af84000-0x8bffffff]
Mai 15 20:19:02 macMF kernel: e820: reserve RAM buffer [mem 0x8b000000-0x8bffffff]
Mai 15 20:19:02 macMF kernel: e820: reserve RAM buffer [mem 0x46f600000-0x46fffffff]
Mai 15 20:19:02 macMF kernel: pci 0000:00:02.0: vgaarb: setting as boot VGA device
Mai 15 20:19:02 macMF kernel: pci 0000:00:02.0: vgaarb: bridge control possible
Mai 15 20:19:02 macMF kernel: pci 0000:00:02.0: vgaarb: VGA device added: decodes=io+mem,owns=io+mem,locks=none
Mai 15 20:19:02 macMF kernel: vgaarb: loaded
Mai 15 20:19:02 macMF kernel: clocksource: Switched to clocksource tsc-early
Mai 15 20:19:02 macMF kernel: VFS: Disk quotas dquot_6.6.0
Mai 15 20:19:02 macMF kernel: VFS: Dquot-cache hash table entries: 512 (order 0, 4096 bytes)
Mai 15 20:19:02 macMF kernel: pnp: PnP ACPI init
Mai 15 20:19:02 macMF kernel: system 00:00: [mem 0xfed00000-0xfed03fff] has been reserved
Mai 15 20:19:02 macMF kernel: system 00:01: [io  0xffff] has been reserved
Mai 15 20:19:02 macMF kernel: system 00:01: [io  0x1800-0x187f] has been reserved
Mai 15 20:19:02 macMF kernel: system 00:01: [io  0x0800-0x087f] has been reserved
Mai 15 20:19:02 macMF kernel: system 00:03: [mem 0xfed1c000-0xfed1ffff] has been reserved
Mai 15 20:19:02 macMF kernel: system 00:03: [mem 0xfed10000-0xfed17fff] has been reserved
Mai 15 20:19:02 macMF kernel: system 00:03: [mem 0xfed18000-0xfed18fff] has been reserved
Mai 15 20:19:02 macMF kernel: system 00:03: [mem 0xfed19000-0xfed19fff] has been reserved
Mai 15 20:19:02 macMF kernel: system 00:03: [mem 0xe0000000-0xefffffff] could not be reserved
Mai 15 20:19:02 macMF kernel: system 00:03: [mem 0xfed20000-0xfed3ffff] has been reserved
Mai 15 20:19:02 macMF kernel: system 00:03: [mem 0xfed90000-0xfed93fff] could not be reserved
Mai 15 20:19:02 macMF kernel: system 00:03: [mem 0xfed45000-0xfed8ffff] has been reserved
Mai 15 20:19:02 macMF kernel: system 00:03: [mem 0xff000000-0xffffffff] could not be reserved
Mai 15 20:19:02 macMF kernel: system 00:03: [mem 0xfee00000-0xfeefffff] has been reserved
Mai 15 20:19:02 macMF kernel: system 00:04: [mem 0x20000000-0x201fffff] could not be reserved
Mai 15 20:19:02 macMF kernel: system 00:04: [mem 0x40000000-0x401fffff] could not be reserved
Mai 15 20:19:02 macMF kernel: pnp: PnP ACPI: found 5 devices
Mai 15 20:19:02 macMF kernel: pci 0000:00:02.0: assigning 3 device properties
Mai 15 20:19:02 macMF kernel: pci 0000:07:00.0: assigning 8 device properties
Mai 15 20:19:02 macMF kernel: pci 0000:00:1b.0: assigning 4 device properties
Mai 15 20:19:02 macMF kernel: clocksource: acpi_pm: mask: 0xffffff max_cycles: 0xffffff, max_idle_ns: 2085701024 ns
Mai 15 20:19:02 macMF kernel: NET: Registered PF_INET protocol family
Mai 15 20:19:02 macMF kernel: IP idents hash table entries: 262144 (order: 9, 2097152 bytes, linear)
Mai 15 20:19:02 macMF kernel: tcp_listen_portaddr_hash hash table entries: 8192 (order: 5, 131072 bytes, linear)
Mai 15 20:19:02 macMF kernel: Table-perturb hash table entries: 65536 (order: 6, 262144 bytes, linear)
Mai 15 20:19:02 macMF kernel: TCP established hash table entries: 131072 (order: 8, 1048576 bytes, linear)
Mai 15 20:19:02 macMF kernel: TCP bind hash table entries: 65536 (order: 9, 2097152 bytes, linear)
Mai 15 20:19:02 macMF kernel: TCP: Hash tables configured (established 131072 bind 65536)
Mai 15 20:19:02 macMF kernel: MPTCP token hash table entries: 16384 (order: 6, 393216 bytes, linear)
Mai 15 20:19:02 macMF kernel: UDP hash table entries: 8192 (order: 7, 524288 bytes, linear)
Mai 15 20:19:02 macMF kernel: UDP-Lite hash table entries: 8192 (order: 7, 524288 bytes, linear)
Mai 15 20:19:02 macMF kernel: NET: Registered PF_UNIX/PF_LOCAL protocol family
Mai 15 20:19:02 macMF kernel: NET: Registered PF_XDP protocol family
Mai 15 20:19:02 macMF kernel: pci 0000:06:00.0: bridge window [io  0x1000-0x0fff] to [bus 07] add_size 1000
Mai 15 20:19:02 macMF kernel: pci 0000:05:00.0: Assigned bridge window [mem 0xbcc00000-0xc4bfffff 64bit pref] to [bus 06-6b] cannot fit 0x200000 required for 0000:06:00.0 bridging to [bus 07]
Mai 15 20:19:02 macMF kernel: pci 0000:06:00.0: bridge window [mem 0x00000000 64bit pref] to [bus 07] requires relaxed alignment rules
Mai 15 20:19:02 macMF kernel: pci 0000:06:00.0: bridge window [mem 0x00100000-0x000fffff 64bit pref] to [bus 07] add_size 200000 add_align 100000
Mai 15 20:19:02 macMF kernel: pci 0000:06:04.0: bridge window [io  0x1000-0x0fff] to [bus 39] add_size 1000
Mai 15 20:19:02 macMF kernel: pci 0000:05:00.0: Assigned bridge window [mem 0xbcc00000-0xc4bfffff 64bit pref] to [bus 06-6b] cannot fit 0x200000 required for 0000:06:04.0 bridging to [bus 39]
Mai 15 20:19:02 macMF kernel: pci 0000:06:04.0: bridge window [mem 0x00000000 64bit pref] to [bus 39] requires relaxed alignment rules
Mai 15 20:19:02 macMF kernel: pci 0000:06:04.0: bridge window [mem 0x00100000-0x000fffff 64bit pref] to [bus 39] add_size 200000 add_align 100000
Mai 15 20:19:02 macMF kernel: pci 0000:05:00.0: Assigned bridge window [mem 0xb0b00000-0xb8bfffff] to [bus 06-6b] cannot fit 0x200000 required for 0000:06:04.0 bridging to [bus 39]
Mai 15 20:19:02 macMF kernel: pci 0000:06:04.0: bridge window [mem 0x00000000] to [bus 39] requires relaxed alignment rules
Mai 15 20:19:02 macMF kernel: pci 0000:06:04.0: bridge window [mem 0x00100000-0x000fffff] to [bus 39] add_size 200000 add_align 100000
Mai 15 20:19:02 macMF kernel: pci 0000:06:06.0: bridge window [io  0x1000-0x0fff] to [bus 6b] add_size 1000
Mai 15 20:19:02 macMF kernel: pci 0000:05:00.0: Assigned bridge window [mem 0xbcc00000-0xc4bfffff 64bit pref] to [bus 06-6b] cannot fit 0x200000 required for 0000:06:06.0 bridging to [bus 6b]
Mai 15 20:19:02 macMF kernel: pci 0000:06:06.0: bridge window [mem 0x00000000 64bit pref] to [bus 6b] requires relaxed alignment rules
Mai 15 20:19:02 macMF kernel: pci 0000:06:06.0: bridge window [mem 0x00100000-0x000fffff 64bit pref] to [bus 6b] add_size 200000 add_align 100000
Mai 15 20:19:02 macMF kernel: pci 0000:05:00.0: Assigned bridge window [mem 0xb0b00000-0xb8bfffff] to [bus 06-6b] cannot fit 0x200000 required for 0000:06:06.0 bridging to [bus 6b]
Mai 15 20:19:02 macMF kernel: pci 0000:06:06.0: bridge window [mem 0x00000000] to [bus 6b] requires relaxed alignment rules
Mai 15 20:19:02 macMF kernel: pci 0000:06:06.0: bridge window [mem 0x00100000-0x000fffff] to [bus 6b] add_size 200000 add_align 100000
Mai 15 20:19:02 macMF kernel: pci 0000:00:1c.0: PCI bridge to [bus 01]
Mai 15 20:19:02 macMF kernel: pci 0000:00:1c.1: PCI bridge to [bus 02]
Mai 15 20:19:02 macMF kernel: pci 0000:00:1c.1:   bridge window [mem 0xb0800000-0xb09fffff]
Mai 15 20:19:02 macMF kernel: pci 0000:00:1c.1:   bridge window [mem 0x90000000-0x9fffffff 64bit pref]
Mai 15 20:19:02 macMF kernel: pci 0000:00:1c.2: PCI bridge to [bus 03]
Mai 15 20:19:02 macMF kernel: pci 0000:00:1c.2:   bridge window [mem 0xb0400000-0xb06fffff]
Mai 15 20:19:02 macMF kernel: pci 0000:06:00.0: bridge window [mem size 0x00200000 64bit pref]: can't assign; no space
Mai 15 20:19:02 macMF kernel: pci 0000:06:00.0: bridge window [mem size 0x00200000 64bit pref]: failed to assign
Mai 15 20:19:02 macMF kernel: pci 0000:06:04.0: bridge window [mem size 0x00200000]: can't assign; no space
Mai 15 20:19:02 macMF kernel: pci 0000:06:04.0: bridge window [mem size 0x00200000]: failed to assign
Mai 15 20:19:02 macMF kernel: pci 0000:06:04.0: bridge window [mem size 0x00200000 64bit pref]: can't assign; no space
Mai 15 20:19:02 macMF kernel: pci 0000:06:04.0: bridge window [mem size 0x00200000 64bit pref]: failed to assign
Mai 15 20:19:02 macMF kernel: pci 0000:06:06.0: bridge window [mem size 0x00200000]: can't assign; no space
Mai 15 20:19:02 macMF kernel: pci 0000:06:06.0: bridge window [mem size 0x00200000]: failed to assign
Mai 15 20:19:02 macMF kernel: pci 0000:06:06.0: bridge window [mem size 0x00200000 64bit pref]: can't assign; no space
Mai 15 20:19:02 macMF kernel: pci 0000:06:06.0: bridge window [mem size 0x00200000 64bit pref]: failed to assign
Mai 15 20:19:02 macMF kernel: pci 0000:06:00.0: bridge window [io  size 0x1000]: can't assign; no space
Mai 15 20:19:02 macMF kernel: pci 0000:06:00.0: bridge window [io  size 0x1000]: failed to assign
Mai 15 20:19:02 macMF kernel: pci 0000:06:04.0: bridge window [io  size 0x1000]: can't assign; no space
Mai 15 20:19:02 macMF kernel: pci 0000:06:04.0: bridge window [io  size 0x1000]: failed to assign
Mai 15 20:19:02 macMF kernel: pci 0000:06:06.0: bridge window [io  size 0x1000]: can't assign; no space
Mai 15 20:19:02 macMF kernel: pci 0000:06:06.0: bridge window [io  size 0x1000]: failed to assign
Mai 15 20:19:02 macMF kernel: pci 0000:06:06.0: bridge window [mem size 0x00200000]: can't assign; no space
Mai 15 20:19:02 macMF kernel: pci 0000:06:06.0: bridge window [mem size 0x00200000]: failed to assign
Mai 15 20:19:02 macMF kernel: pci 0000:06:06.0: bridge window [mem size 0x00200000 64bit pref]: can't assign; no space
Mai 15 20:19:02 macMF kernel: pci 0000:06:06.0: bridge window [mem size 0x00200000 64bit pref]: failed to assign
Mai 15 20:19:02 macMF kernel: pci 0000:06:06.0: bridge window [io  size 0x1000]: can't assign; no space
Mai 15 20:19:02 macMF kernel: pci 0000:06:06.0: bridge window [io  size 0x1000]: failed to assign
Mai 15 20:19:02 macMF kernel: pci 0000:06:04.0: bridge window [mem size 0x00200000]: can't assign; no space
Mai 15 20:19:02 macMF kernel: pci 0000:06:04.0: bridge window [mem size 0x00200000]: failed to assign
Mai 15 20:19:02 macMF kernel: pci 0000:06:04.0: bridge window [mem size 0x00200000 64bit pref]: can't assign; no space
Mai 15 20:19:02 macMF kernel: pci 0000:06:04.0: bridge window [mem size 0x00200000 64bit pref]: failed to assign
Mai 15 20:19:02 macMF kernel: pci 0000:06:04.0: bridge window [io  size 0x1000]: can't assign; no space
Mai 15 20:19:02 macMF kernel: pci 0000:06:04.0: bridge window [io  size 0x1000]: failed to assign
Mai 15 20:19:02 macMF kernel: pci 0000:06:00.0: bridge window [mem size 0x00200000 64bit pref]: can't assign; no space
Mai 15 20:19:02 macMF kernel: pci 0000:06:00.0: bridge window [mem size 0x00200000 64bit pref]: failed to assign
Mai 15 20:19:02 macMF kernel: pci 0000:06:00.0: bridge window [io  size 0x1000]: can't assign; no space
Mai 15 20:19:02 macMF kernel: pci 0000:06:00.0: bridge window [io  size 0x1000]: failed to assign
Mai 15 20:19:02 macMF kernel: pci 0000:06:00.0: PCI bridge to [bus 07]
Mai 15 20:19:02 macMF kernel: pci 0000:06:00.0:   bridge window [mem 0xb0b00000-0xb0bfffff]
Mai 15 20:19:02 macMF kernel: pci 0000:06:03.0: PCI bridge to [bus 08-38]
Mai 15 20:19:02 macMF kernel: pci 0000:06:03.0:   bridge window [io  0x3000-0x3fff]
Mai 15 20:19:02 macMF kernel: pci 0000:06:03.0:   bridge window [mem 0xb0c00000-0xb4bfffff]
Mai 15 20:19:02 macMF kernel: pci 0000:06:03.0:   bridge window [mem 0xbcc00000-0xc0bfffff 64bit pref]
Mai 15 20:19:02 macMF kernel: pci 0000:06:04.0: PCI bridge to [bus 39]
Mai 15 20:19:02 macMF kernel: pci 0000:06:05.0: PCI bridge to [bus 3a-6a]
Mai 15 20:19:02 macMF kernel: pci 0000:06:05.0:   bridge window [io  0x4000-0x4fff]
Mai 15 20:19:02 macMF kernel: pci 0000:06:05.0:   bridge window [mem 0xb4c00000-0xb8bfffff]
Mai 15 20:19:02 macMF kernel: pci 0000:06:05.0:   bridge window [mem 0xc0c00000-0xc4bfffff 64bit pref]
Mai 15 20:19:02 macMF kernel: pci 0000:06:06.0: PCI bridge to [bus 6b]
Mai 15 20:19:02 macMF kernel: pci 0000:05:00.0: PCI bridge to [bus 06-6b]
Mai 15 20:19:02 macMF kernel: pci 0000:05:00.0:   bridge window [io  0x3000-0x4fff]
Mai 15 20:19:02 macMF kernel: pci 0000:05:00.0:   bridge window [mem 0xb0b00000-0xb8bfffff]
Mai 15 20:19:02 macMF kernel: pci 0000:05:00.0:   bridge window [mem 0xbcc00000-0xc4bfffff 64bit pref]
Mai 15 20:19:02 macMF kernel: pci 0000:00:1c.4: PCI bridge to [bus 05-9b]
Mai 15 20:19:02 macMF kernel: pci 0000:00:1c.4:   bridge window [io  0x3000-0x5fff]
Mai 15 20:19:02 macMF kernel: pci 0000:00:1c.4:   bridge window [mem 0xb0b00000-0xbcbfffff]
Mai 15 20:19:02 macMF kernel: pci 0000:00:1c.4:   bridge window [mem 0xbcc00000-0xc8bfffff 64bit pref]
Mai 15 20:19:02 macMF kernel: pci 0000:00:1c.5: PCI bridge to [bus 04]
Mai 15 20:19:02 macMF kernel: pci 0000:00:1c.5:   bridge window [mem 0xb0700000-0xb07fffff]
Mai 15 20:19:02 macMF kernel: pci_bus 0000:00: resource 4 [io  0x0000-0x0cf7 window]
Mai 15 20:19:02 macMF kernel: pci_bus 0000:00: resource 5 [io  0x0d00-0xffff window]
Mai 15 20:19:02 macMF kernel: pci_bus 0000:00: resource 6 [mem 0x000a0000-0x000fffff window]
Mai 15 20:19:02 macMF kernel: pci_bus 0000:00: resource 7 [mem 0x8fa00000-0xfeafffff window]
Mai 15 20:19:02 macMF kernel: pci_bus 0000:00: resource 8 [mem 0xfed40000-0xfed44fff window]
Mai 15 20:19:02 macMF kernel: pci_bus 0000:02: resource 1 [mem 0xb0800000-0xb09fffff]
Mai 15 20:19:02 macMF kernel: pci_bus 0000:02: resource 2 [mem 0x90000000-0x9fffffff 64bit pref]
Mai 15 20:19:02 macMF kernel: pci_bus 0000:03: resource 1 [mem 0xb0400000-0xb06fffff]
Mai 15 20:19:02 macMF kernel: pci_bus 0000:05: resource 0 [io  0x3000-0x5fff]
Mai 15 20:19:02 macMF kernel: pci_bus 0000:05: resource 1 [mem 0xb0b00000-0xbcbfffff]
Mai 15 20:19:02 macMF kernel: pci_bus 0000:05: resource 2 [mem 0xbcc00000-0xc8bfffff 64bit pref]
Mai 15 20:19:02 macMF kernel: pci_bus 0000:06: resource 0 [io  0x3000-0x4fff]
Mai 15 20:19:02 macMF kernel: pci_bus 0000:06: resource 1 [mem 0xb0b00000-0xb8bfffff]
Mai 15 20:19:02 macMF kernel: pci_bus 0000:06: resource 2 [mem 0xbcc00000-0xc4bfffff 64bit pref]
Mai 15 20:19:02 macMF kernel: pci_bus 0000:07: resource 1 [mem 0xb0b00000-0xb0bfffff]
Mai 15 20:19:02 macMF kernel: pci_bus 0000:08: resource 0 [io  0x3000-0x3fff]
Mai 15 20:19:02 macMF kernel: pci_bus 0000:08: resource 1 [mem 0xb0c00000-0xb4bfffff]
Mai 15 20:19:02 macMF kernel: pci_bus 0000:08: resource 2 [mem 0xbcc00000-0xc0bfffff 64bit pref]
Mai 15 20:19:02 macMF kernel: pci_bus 0000:3a: resource 0 [io  0x4000-0x4fff]
Mai 15 20:19:02 macMF kernel: pci_bus 0000:3a: resource 1 [mem 0xb4c00000-0xb8bfffff]
Mai 15 20:19:02 macMF kernel: pci_bus 0000:3a: resource 2 [mem 0xc0c00000-0xc4bfffff 64bit pref]
Mai 15 20:19:02 macMF kernel: pci_bus 0000:04: resource 1 [mem 0xb0700000-0xb07fffff]
Mai 15 20:19:02 macMF kernel: PCI: CLS 256 bytes, default 64
Mai 15 20:19:02 macMF kernel: PCI-DMA: Using software bounce buffering for IO (SWIOTLB)
Mai 15 20:19:02 macMF kernel: software IO TLB: mapped [mem 0x000000006bc6b000-0x000000006fc6b000] (64MB)
Mai 15 20:19:02 macMF kernel: Trying to unpack rootfs image as initramfs...
Mai 15 20:19:02 macMF kernel: Initialise system trusted keyrings
Mai 15 20:19:02 macMF kernel: Key type blacklist registered
Mai 15 20:19:02 macMF kernel: workingset: timestamp_bits=36 max_order=22 bucket_order=0
Mai 15 20:19:02 macMF kernel: fuse: init (API version 7.42)
Mai 15 20:19:02 macMF kernel: integrity: Platform Keyring initialized
Mai 15 20:19:02 macMF kernel: integrity: Machine keyring initialized
Mai 15 20:19:02 macMF kernel: xor: automatically using best checksumming function   avx       
Mai 15 20:19:02 macMF kernel: Key type asymmetric registered
Mai 15 20:19:02 macMF kernel: Asymmetric key parser 'x509' registered
Mai 15 20:19:02 macMF kernel: Block layer SCSI generic (bsg) driver version 0.4 loaded (major 246)
Mai 15 20:19:02 macMF kernel: io scheduler mq-deadline registered
Mai 15 20:19:02 macMF kernel: io scheduler kyber registered
Mai 15 20:19:02 macMF kernel: io scheduler bfq registered
Mai 15 20:19:02 macMF kernel: ledtrig-cpu: registered to indicate activity on CPUs
Mai 15 20:19:02 macMF kernel: pcieport 0000:06:00.0: pciehp: Slot #0 AttnBtn- PwrCtrl- MRL- AttnInd- PwrInd- HotPlug+ Surprise+ Interlock- NoCompl+ IbPresDis- LLActRep+
Mai 15 20:19:02 macMF kernel: pcieport 0000:06:03.0: enabling device (0000 -> 0003)
Mai 15 20:19:02 macMF kernel: pcieport 0000:06:03.0: pciehp: Slot #3 AttnBtn- PwrCtrl- MRL- AttnInd- PwrInd- HotPlug+ Surprise+ Interlock- NoCompl+ IbPresDis- LLActRep+
Mai 15 20:19:02 macMF kernel: pcieport 0000:06:04.0: pciehp: Slot #4 AttnBtn- PwrCtrl- MRL- AttnInd- PwrInd- HotPlug+ Surprise+ Interlock- NoCompl+ IbPresDis- LLActRep+
Mai 15 20:19:02 macMF kernel: pcieport 0000:06:05.0: enabling device (0000 -> 0003)
Mai 15 20:19:02 macMF kernel: pcieport 0000:06:05.0: pciehp: Slot #5 AttnBtn- PwrCtrl- MRL- AttnInd- PwrInd- HotPlug+ Surprise+ Interlock- NoCompl+ IbPresDis- LLActRep+
Mai 15 20:19:02 macMF kernel: pcieport 0000:06:06.0: pciehp: Slot #6 AttnBtn- PwrCtrl- MRL- AttnInd- PwrInd- HotPlug+ Surprise+ Interlock- NoCompl+ IbPresDis- LLActRep+
Mai 15 20:19:02 macMF kernel: shpchp: Standard Hot Plug PCI Controller Driver version: 0.4
Mai 15 20:19:02 macMF kernel: ACPI: AC: AC Adapter [ADP1] (on-line)
Mai 15 20:19:02 macMF kernel: input: Lid Switch as /devices/LNXSYSTM:00/LNXSYBUS:00/PNP0C0D:00/input/input0
Mai 15 20:19:02 macMF kernel: ACPI: button: Lid Switch [LID0]
Mai 15 20:19:02 macMF kernel: input: Power Button as /devices/LNXSYSTM:00/LNXSYBUS:00/PNP0C0C:00/input/input1
Mai 15 20:19:02 macMF kernel: ACPI: button: Power Button [PWRB]
Mai 15 20:19:02 macMF kernel: input: Sleep Button as /devices/LNXSYSTM:00/LNXSYBUS:00/PNP0C0E:00/input/input2
Mai 15 20:19:02 macMF kernel: ACPI: button: Sleep Button [SLPB]
Mai 15 20:19:02 macMF kernel: input: Power Button as /devices/LNXSYSTM:00/LNXPWRBN:00/input/input3
Mai 15 20:19:02 macMF kernel: ACPI: button: Power Button [PWRF]
Mai 15 20:19:02 macMF kernel: Serial: 8250/16550 driver, 32 ports, IRQ sharing enabled
Mai 15 20:19:02 macMF kernel: hpet_acpi_add: no address or irqs in _CRS
Mai 15 20:19:02 macMF kernel: Non-volatile memory driver v1.3
Mai 15 20:19:02 macMF kernel: Linux agpgart interface v0.103
Mai 15 20:19:02 macMF kernel: ACPI: bus type drm_connector registered
Mai 15 20:19:02 macMF kernel: ahci 0000:04:00.0: version 3.0
Mai 15 20:19:02 macMF kernel: ahci 0000:04:00.0: AHCI vers 0001.0300, 32 command slots, 6 Gbps, SATA mode
Mai 15 20:19:02 macMF kernel: ahci 0000:04:00.0: 1/1 ports implemented (port mask 0x1)
Mai 15 20:19:02 macMF kernel: ahci 0000:04:00.0: flags: 64bit ncq led clo only pio ccc 
Mai 15 20:19:02 macMF kernel: scsi host0: ahci
Mai 15 20:19:02 macMF kernel: ata1: SATA max UDMA/133 abar m8192@0xb0700000 port 0xb0700100 irq 50 lpm-pol 0
Mai 15 20:19:02 macMF kernel: xhci_hcd 0000:00:14.0: xHCI Host Controller
Mai 15 20:19:02 macMF kernel: xhci_hcd 0000:00:14.0: new USB bus registered, assigned bus number 1
Mai 15 20:19:02 macMF kernel: xhci_hcd 0000:00:14.0: hcc params 0x200077c1 hci version 0x100 quirks 0x000000000004b810
Mai 15 20:19:02 macMF kernel: xhci_hcd 0000:00:14.0: xHCI Host Controller
Mai 15 20:19:02 macMF kernel: xhci_hcd 0000:00:14.0: new USB bus registered, assigned bus number 2
Mai 15 20:19:02 macMF kernel: xhci_hcd 0000:00:14.0: Host supports USB 3.0 SuperSpeed
Mai 15 20:19:02 macMF kernel: usb usb1: New USB device found, idVendor=1d6b, idProduct=0002, bcdDevice= 6.14
Mai 15 20:19:02 macMF kernel: usb usb1: New USB device strings: Mfr=3, Product=2, SerialNumber=1
Mai 15 20:19:02 macMF kernel: usb usb1: Product: xHCI Host Controller
Mai 15 20:19:02 macMF kernel: usb usb1: Manufacturer: Linux 6.14.6-arch1-1 xhci-hcd
Mai 15 20:19:02 macMF kernel: usb usb1: SerialNumber: 0000:00:14.0
Mai 15 20:19:02 macMF kernel: hub 1-0:1.0: USB hub found
Mai 15 20:19:02 macMF kernel: hub 1-0:1.0: 9 ports detected
Mai 15 20:19:02 macMF kernel: usb usb2: New USB device found, idVendor=1d6b, idProduct=0003, bcdDevice= 6.14
Mai 15 20:19:02 macMF kernel: usb usb2: New USB device strings: Mfr=3, Product=2, SerialNumber=1
Mai 15 20:19:02 macMF kernel: usb usb2: Product: xHCI Host Controller
Mai 15 20:19:02 macMF kernel: usb usb2: Manufacturer: Linux 6.14.6-arch1-1 xhci-hcd
Mai 15 20:19:02 macMF kernel: usb usb2: SerialNumber: 0000:00:14.0
Mai 15 20:19:02 macMF kernel: hub 2-0:1.0: USB hub found
Mai 15 20:19:02 macMF kernel: hub 2-0:1.0: 4 ports detected
Mai 15 20:19:02 macMF kernel: usbcore: registered new interface driver usbserial_generic
Mai 15 20:19:02 macMF kernel: usbserial: USB Serial support registered for generic
Mai 15 20:19:02 macMF kernel: rtc_cmos 00:02: RTC can wake from S4
Mai 15 20:19:02 macMF kernel: rtc_cmos 00:02: registered as rtc0
Mai 15 20:19:02 macMF kernel: rtc_cmos 00:02: setting system clock to 2025-05-15T18:19:00 UTC (1747333140)
Mai 15 20:19:02 macMF kernel: rtc_cmos 00:02: alarms up to one month, y3k, 242 bytes nvram
Mai 15 20:19:02 macMF kernel: intel_pstate: Intel P-state driver initializing
Mai 15 20:19:02 macMF kernel: simple-framebuffer simple-framebuffer.0: [drm] Registered 1 planes with drm panic
Mai 15 20:19:02 macMF kernel: [drm] Initialized simpledrm 1.0.0 for simple-framebuffer.0 on minor 0
Mai 15 20:19:02 macMF kernel: fbcon: Deferring console take-over
Mai 15 20:19:02 macMF kernel: simple-framebuffer simple-framebuffer.0: [drm] fb0: simpledrmdrmfb frame buffer device
Mai 15 20:19:02 macMF kernel: hid: raw HID events driver (C) Jiri Kosina
Mai 15 20:19:02 macMF kernel: drop_monitor: Initializing network drop monitor service
Mai 15 20:19:02 macMF kernel: NET: Registered PF_INET6 protocol family
Mai 15 20:19:02 macMF kernel: Freeing initrd memory: 19064K
Mai 15 20:19:02 macMF kernel: Segment Routing with IPv6
Mai 15 20:19:02 macMF kernel: RPL Segment Routing with IPv6
Mai 15 20:19:02 macMF kernel: In-situ OAM (IOAM) with IPv6
Mai 15 20:19:02 macMF kernel: NET: Registered PF_PACKET protocol family
Mai 15 20:19:02 macMF kernel: ENERGY_PERF_BIAS: Set to 'normal', was 'performance'
Mai 15 20:19:02 macMF kernel: microcode: Current revision: 0x00000026
Mai 15 20:19:02 macMF kernel: IPI shorthand broadcast: enabled
Mai 15 20:19:02 macMF kernel: sched_clock: Marking stable (983003512, 3009736)->(1105481816, -119468568)
Mai 15 20:19:02 macMF kernel: registered taskstats version 1
Mai 15 20:19:02 macMF kernel: Loading compiled-in X.509 certificates
Mai 15 20:19:02 macMF kernel: Loaded X.509 cert 'Build time autogenerated kernel key: 7a4f56be1db26ed5ed0a83a46ebfe8f5321b831e'
Mai 15 20:19:02 macMF kernel: zswap: loaded using pool zstd/zsmalloc
Mai 15 20:19:02 macMF kernel: Demotion targets for Node 0: null
Mai 15 20:19:02 macMF kernel: Key type .fscrypt registered
Mai 15 20:19:02 macMF kernel: Key type fscrypt-provisioning registered
Mai 15 20:19:02 macMF kernel: Btrfs loaded, zoned=yes, fsverity=yes
Mai 15 20:19:02 macMF kernel: PM:   Magic number: 9:302:342
Mai 15 20:19:02 macMF kernel: PM:   hash matches drivers/base/power/main.c:998
Mai 15 20:19:02 macMF kernel: RAS: Correctable Errors collector initialized.
Mai 15 20:19:02 macMF kernel: usb 1-1: new full-speed USB device number 2 using xhci_hcd
Mai 15 20:19:02 macMF kernel: ata1: SATA link up 6.0 Gbps (SStatus 133 SControl 300)
Mai 15 20:19:02 macMF kernel: ata1.00: unexpected _GTF length (8)
Mai 15 20:19:02 macMF kernel: ata1.00: ATA-8: APPLE SSD SM0256G, BXW1SA0Q, max UDMA/133
Mai 15 20:19:02 macMF kernel: ata1.00: 490234752 sectors, multi 16: LBA48 NCQ (depth 32), AA
Mai 15 20:19:02 macMF kernel: ata1.00: unexpected _GTF length (8)
Mai 15 20:19:02 macMF kernel: ata1.00: configured for UDMA/133
Mai 15 20:19:02 macMF kernel: scsi 0:0:0:0: Direct-Access     ATA      APPLE SSD SM0256 SA0Q PQ: 0 ANSI: 5
Mai 15 20:19:02 macMF kernel: sd 0:0:0:0: [sda] 490234752 512-byte logical blocks: (251 GB/234 GiB)
Mai 15 20:19:02 macMF kernel: sd 0:0:0:0: [sda] 4096-byte physical blocks
Mai 15 20:19:02 macMF kernel: sd 0:0:0:0: [sda] Write Protect is off
Mai 15 20:19:02 macMF kernel: sd 0:0:0:0: [sda] Mode Sense: 00 3a 00 00
Mai 15 20:19:02 macMF kernel: sd 0:0:0:0: [sda] Write cache: enabled, read cache: enabled, doesn't support DPO or FUA
Mai 15 20:19:02 macMF kernel: sd 0:0:0:0: [sda] Preferred minimum I/O size 4096 bytes
Mai 15 20:19:02 macMF kernel:  sda: sda1 sda2
Mai 15 20:19:02 macMF kernel: sd 0:0:0:0: [sda] Attached SCSI disk
Mai 15 20:19:02 macMF kernel: clk: Disabling unused clocks
Mai 15 20:19:02 macMF kernel: PM: genpd: Disabling unused power domains
Mai 15 20:19:02 macMF kernel: Freeing unused decrypted memory: 2028K
Mai 15 20:19:02 macMF kernel: Freeing unused kernel image (initmem) memory: 4528K
Mai 15 20:19:02 macMF kernel: Write protecting the kernel read-only data: 36864k
Mai 15 20:19:02 macMF kernel: Freeing unused kernel image (text/rodata gap) memory: 1112K
Mai 15 20:19:02 macMF kernel: Freeing unused kernel image (rodata/data gap) memory: 108K
Mai 15 20:19:02 macMF kernel: usb 1-1: New USB device found, idVendor=03eb, idProduct=3301, bcdDevice= 3.00
Mai 15 20:19:02 macMF kernel: usb 1-1: New USB device strings: Mfr=0, Product=2, SerialNumber=0
Mai 15 20:19:02 macMF kernel: usb 1-1: Product: Standard USB Hub
Mai 15 20:19:02 macMF kernel: hub 1-1:1.0: USB hub found
Mai 15 20:19:02 macMF kernel: hub 1-1:1.0: 4 ports detected
Mai 15 20:19:02 macMF kernel: usb 2-2: new SuperSpeed USB device number 2 using xhci_hcd
Mai 15 20:19:02 macMF kernel: usb 2-2: New USB device found, idVendor=174c, idProduct=55aa, bcdDevice= 1.00
Mai 15 20:19:02 macMF kernel: usb 2-2: New USB device strings: Mfr=2, Product=3, SerialNumber=1
Mai 15 20:19:02 macMF kernel: usb 2-2: Product: ASM1153USB3.0TOSATA
Mai 15 20:19:02 macMF kernel: usb 2-2: Manufacturer: ASM1153USB3.0TOSATA
Mai 15 20:19:02 macMF kernel: usb 2-2: SerialNumber: 123456789019
Mai 15 20:19:02 macMF kernel: x86/mm: Checked W+X mappings: passed, no W+X pages found.
Mai 15 20:19:02 macMF kernel: rodata_test: all tests were successful
Mai 15 20:19:02 macMF kernel: x86/mm: Checking user space page tables
Mai 15 20:19:02 macMF kernel: usb 1-3: new full-speed USB device number 3 using xhci_hcd
Mai 15 20:19:02 macMF kernel: x86/mm: Checked W+X mappings: passed, no W+X pages found.
Mai 15 20:19:02 macMF kernel: Run /init as init process
Mai 15 20:19:02 macMF kernel:   with arguments:
Mai 15 20:19:02 macMF kernel:     /init
Mai 15 20:19:02 macMF kernel:   with environment:
Mai 15 20:19:02 macMF kernel:     HOME=/
Mai 15 20:19:02 macMF kernel:     TERM=linux
Mai 15 20:19:02 macMF kernel:     nvme_load=YES
Mai 15 20:19:02 macMF kernel: usb 1-3: New USB device found, idVendor=0a5c, idProduct=4500, bcdDevice= 1.00
Mai 15 20:19:02 macMF kernel: usb 1-3: New USB device strings: Mfr=1, Product=2, SerialNumber=0
Mai 15 20:19:02 macMF kernel: usb 1-3: Product: BRCM20702 Hub
Mai 15 20:19:02 macMF kernel: usb 1-3: Manufacturer: Apple Inc.
Mai 15 20:19:02 macMF kernel: hub 1-3:1.0: USB hub found
Mai 15 20:19:02 macMF kernel: hub 1-3:1.0: 3 ports detected
Mai 15 20:19:02 macMF kernel: usb 2-3: new SuperSpeed USB device number 3 using xhci_hcd
Mai 15 20:19:02 macMF kernel: usb 2-3: New USB device found, idVendor=05ac, idProduct=8406, bcdDevice= 8.20
Mai 15 20:19:02 macMF kernel: usb 2-3: New USB device strings: Mfr=3, Product=4, SerialNumber=5
Mai 15 20:19:02 macMF kernel: usb 2-3: Product: Card Reader
Mai 15 20:19:02 macMF kernel: usb 2-3: Manufacturer: Apple
Mai 15 20:19:02 macMF kernel: usb 2-3: SerialNumber: 000000000820
Mai 15 20:19:02 macMF kernel: tsc: Refined TSC clocksource calibration: 2999.998 MHz
Mai 15 20:19:02 macMF kernel: clocksource: tsc: mask: 0xffffffffffffffff max_cycles: 0x2b3e43c8763, max_idle_ns: 440795360101 ns
Mai 15 20:19:02 macMF kernel: clocksource: Switched to clocksource tsc
Mai 15 20:19:02 macMF kernel: usb 1-1.3: new low-speed USB device number 4 using xhci_hcd
Mai 15 20:19:02 macMF kernel: usb 1-1.3: New USB device found, idVendor=099a, idProduct=610c, bcdDevice= 1.00
Mai 15 20:19:02 macMF kernel: usb 1-1.3: New USB device strings: Mfr=0, Product=2, SerialNumber=0
Mai 15 20:19:02 macMF kernel: usb 1-1.3: Product: EL USB Keyboard 
Mai 15 20:19:02 macMF kernel: usb 1-5: new full-speed USB device number 5 using xhci_hcd
Mai 15 20:19:02 macMF systemd[1]: Successfully made /usr/ read-only.
Mai 15 20:19:02 macMF systemd[1]: systemd 257.5-2-arch running in system mode (+PAM +AUDIT -SELINUX -APPARMOR -IMA +IPE +SMACK +SECCOMP +GCRYPT +GNUTLS +OPENSSL +ACL +BLKID +CURL +ELFUTILS +FIDO2 +IDN2 -IDN +IPTC +KMOD +LIBCRYPTSETUP +LIBCRYPTSETUP_PLUGINS +LIBFDISK +PCRE2 +PWQUALITY +P11KIT +QRENCODE +TPM2 +BZIP2 +LZ4 +XZ +ZLIB +ZSTD +BPF_FRAMEWORK +BTF +XKBCOMMON +UTMP -SYSVINIT +LIBARCHIVE)
Mai 15 20:19:02 macMF systemd[1]: Detected architecture x86-64.
Mai 15 20:19:02 macMF systemd[1]: Running in initrd.
Mai 15 20:19:02 macMF kernel: fbcon: Taking over console
Mai 15 20:19:02 macMF systemd[1]: Hostname set to <macMF>.
Mai 15 20:19:02 macMF kernel: Console: switching to colour frame buffer device 160x50
Mai 15 20:19:02 macMF kernel: usb 1-5: New USB device found, idVendor=05ac, idProduct=025a, bcdDevice= 2.24
Mai 15 20:19:02 macMF kernel: usb 1-5: New USB device strings: Mfr=1, Product=2, SerialNumber=0
Mai 15 20:19:02 macMF kernel: usb 1-5: Product: Apple Internal Keyboard / Trackpad
Mai 15 20:19:02 macMF kernel: usb 1-5: Manufacturer: Apple Inc.
Mai 15 20:19:02 macMF kernel: usb 1-3.1: new full-speed USB device number 6 using xhci_hcd
Mai 15 20:19:02 macMF kernel: usb 1-3.1: New USB device found, idVendor=05ac, idProduct=820a, bcdDevice= 1.00
Mai 15 20:19:02 macMF kernel: usb 1-3.1: New USB device strings: Mfr=0, Product=0, SerialNumber=0
Mai 15 20:19:02 macMF kernel: usb 1-1.4: new low-speed USB device number 7 using xhci_hcd
Mai 15 20:19:02 macMF systemd[1]: bpf-restrict-fs: LSM BPF program attached
Mai 15 20:19:02 macMF kernel: usb 1-1.4: New USB device found, idVendor=093a, idProduct=2510, bcdDevice= 1.00
Mai 15 20:19:02 macMF kernel: usb 1-1.4: New USB device strings: Mfr=1, Product=2, SerialNumber=0
Mai 15 20:19:02 macMF kernel: usb 1-1.4: Product: USB Optical Mouse
Mai 15 20:19:02 macMF kernel: usb 1-1.4: Manufacturer: PixArt
Mai 15 20:19:02 macMF kernel: usb 1-3.2: new full-speed USB device number 8 using xhci_hcd
Mai 15 20:19:02 macMF systemd[1]: Queued start job for default target Initrd Default Target.
Mai 15 20:19:02 macMF systemd[1]: Started Dispatch Password Requests to Console Directory Watch.
Mai 15 20:19:02 macMF systemd[1]: Expecting device /dev/disk/by-uuid/cbf55ddf-f434-40b7-ab52-7d09f736932e...
Mai 15 20:19:02 macMF systemd[1]: Expecting device /dev/disk/by-uuid/e614108a-29e5-4e17-b490-f51ce1293d30...
Mai 15 20:19:02 macMF systemd[1]: Reached target Initrd /usr File System.
Mai 15 20:19:02 macMF systemd[1]: Reached target Path Units.
Mai 15 20:19:02 macMF systemd[1]: Reached target Slice Units.
Mai 15 20:19:02 macMF systemd[1]: Reached target Swaps.
Mai 15 20:19:02 macMF systemd[1]: Reached target Timer Units.
Mai 15 20:19:02 macMF systemd[1]: Listening on Journal Socket (/dev/log).
Mai 15 20:19:02 macMF systemd[1]: Listening on Journal Sockets.
Mai 15 20:19:02 macMF systemd[1]: Listening on udev Control Socket.
Mai 15 20:19:02 macMF kernel: usb 1-3.2: New USB device found, idVendor=05ac, idProduct=820b, bcdDevice= 1.00
Mai 15 20:19:02 macMF kernel: usb 1-3.2: New USB device strings: Mfr=0, Product=0, SerialNumber=0
Mai 15 20:19:02 macMF systemd[1]: Listening on udev Kernel Socket.
Mai 15 20:19:02 macMF systemd[1]: Reached target Socket Units.
Mai 15 20:19:02 macMF systemd[1]: Starting Create List of Static Device Nodes...
Mai 15 20:19:02 macMF systemd[1]: Starting Check battery level during early boot...
Mai 15 20:19:02 macMF systemd[1]: Starting Journal Service...
Mai 15 20:19:02 macMF systemd[1]: Starting Load Kernel Modules...
Mai 15 20:19:02 macMF systemd[1]: TPM PCR Barrier (initrd) was skipped because of an unmet condition check (ConditionSecurity=measured-uki).
Mai 15 20:19:02 macMF systemd[1]: Starting Virtual Console Setup...
Mai 15 20:19:02 macMF systemd[1]: Finished Create List of Static Device Nodes.
Mai 15 20:19:02 macMF systemd[1]: Finished Check battery level during early boot.
Mai 15 20:19:02 macMF systemd[1]: Starting Create Static Device Nodes in /dev gracefully...
Mai 15 20:19:02 macMF kernel: usb 1-3.3: new full-speed USB device number 9 using xhci_hcd
Mai 15 20:19:02 macMF systemd[1]: Finished Virtual Console Setup.
Mai 15 20:19:02 macMF systemd[1]: dracut ask for additional cmdline parameters was skipped because no trigger condition checks were met.
Mai 15 20:19:02 macMF systemd[1]: Starting dracut cmdline hook...
Mai 15 20:19:02 macMF systemd-journald[139]: Collecting audit messages is disabled.
Mai 15 20:19:02 macMF kernel: i2c_dev: i2c /dev entries driver
Mai 15 20:19:02 macMF kernel: usb 1-3.3: New USB device found, idVendor=05ac, idProduct=8289, bcdDevice= 1.50
Mai 15 20:19:02 macMF kernel: usb 1-3.3: New USB device strings: Mfr=1, Product=2, SerialNumber=0
Mai 15 20:19:02 macMF kernel: usb 1-3.3: Product: Bluetooth USB Host Controller
Mai 15 20:19:02 macMF kernel: usb 1-3.3: Manufacturer: Apple Inc.
Mai 15 20:19:02 macMF kernel: Asymmetric key parser 'pkcs8' registered
Mai 15 20:19:02 macMF systemd[1]: Finished Load Kernel Modules.
Mai 15 20:19:02 macMF systemd[1]: Starting Apply Kernel Variables...
Mai 15 20:19:02 macMF systemd[1]: Finished Create Static Device Nodes in /dev gracefully.
Mai 15 20:19:02 macMF systemd[1]: Starting Create Static Device Nodes in /dev...
Mai 15 20:19:02 macMF systemd[1]: Finished Apply Kernel Variables.
Mai 15 20:19:02 macMF systemd[1]: Finished Create Static Device Nodes in /dev.
Mai 15 20:19:02 macMF systemd[1]: Finished dracut cmdline hook.
Mai 15 20:19:02 macMF systemd[1]: dracut pre-udev hook was skipped because no trigger condition checks were met.
Mai 15 20:19:02 macMF systemd[1]: Starting Rule-based Manager for Device Events and Files...
Mai 15 20:19:02 macMF systemd[1]: Started Journal Service.
Mai 15 20:19:02 macMF kernel: usbcore: registered new interface driver usbhid
Mai 15 20:19:02 macMF kernel: usbhid: USB HID core driver
Mai 15 20:19:02 macMF kernel: input: EL USB Keyboard  as /devices/pci0000:00/0000:00:14.0/usb1/1-1/1-1.3/1-1.3:1.0/0003:099A:610C.0001/input/input4
Mai 15 20:19:02 macMF kernel: hid-generic 0003:099A:610C.0001: input,hidraw0: USB HID v1.00 Keyboard [EL USB Keyboard ] on usb-0000:00:14.0-1.3/input0
Mai 15 20:19:02 macMF kernel: input: EL USB Keyboard  Consumer Control as /devices/pci0000:00/0000:00:14.0/usb1/1-1/1-1.3/1-1.3:1.1/0003:099A:610C.0002/input/input5
Mai 15 20:19:02 macMF kernel: input: EL USB Keyboard  System Control as /devices/pci0000:00/0000:00:14.0/usb1/1-1/1-1.3/1-1.3:1.1/0003:099A:610C.0002/input/input6
Mai 15 20:19:02 macMF kernel: hid-generic 0003:099A:610C.0002: input,hidraw1: USB HID v1.00 Device [EL USB Keyboard ] on usb-0000:00:14.0-1.3/input1
Mai 15 20:19:02 macMF kernel: input: HID 05ac:820a as /devices/pci0000:00/0000:00:14.0/usb1/1-3/1-3.1/1-3.1:1.0/0003:05AC:820A.0005/input/input7
Mai 15 20:19:02 macMF kernel: hid-generic 0003:05AC:820A.0005: input,hidraw2: USB HID v1.11 Keyboard [HID 05ac:820a] on usb-0000:00:14.0-3.1/input0
Mai 15 20:19:02 macMF kernel: input: PixArt USB Optical Mouse as /devices/pci0000:00/0000:00:14.0/usb1/1-1/1-1.4/1-1.4:1.0/0003:093A:2510.0006/input/input8
Mai 15 20:19:02 macMF kernel: hid-generic 0003:093A:2510.0006: input,hidraw3: USB HID v1.11 Mouse [PixArt USB Optical Mouse] on usb-0000:00:14.0-1.4/input0
Mai 15 20:19:02 macMF kernel: input: HID 05ac:820b as /devices/pci0000:00/0000:00:14.0/usb1/1-3/1-3.2/1-3.2:1.0/0003:05AC:820B.0007/input/input9
Mai 15 20:19:02 macMF kernel: hid-generic 0003:05AC:820B.0007: input,hidraw4: USB HID v1.11 Mouse [HID 05ac:820b] on usb-0000:00:14.0-3.2/input0
Mai 15 20:19:03 macMF kernel: input: Apple Inc. Apple Internal Keyboard / Trackpad as /devices/pci0000:00/0000:00:14.0/usb1/1-5/1-5:1.0/0003:05AC:025A.0003/input/input10
Mai 15 20:19:03 macMF kernel: apple 0003:05AC:025A.0003: input,hidraw5: USB HID v1.11 Keyboard [Apple Inc. Apple Internal Keyboard / Trackpad] on usb-0000:00:14.0-5/input0
Mai 15 20:19:03 macMF kernel: apple 0003:05AC:025A.0004: hidraw6: USB HID v1.11 Device [Apple Inc. Apple Internal Keyboard / Trackpad] on usb-0000:00:14.0-5/input1
Mai 15 20:19:03 macMF kernel: usb-storage 2-3:1.0: USB Mass Storage device detected
Mai 15 20:19:03 macMF kernel: scsi host1: usb-storage 2-3:1.0
Mai 15 20:19:03 macMF kernel: usbcore: registered new interface driver usb-storage
Mai 15 20:19:03 macMF kernel: scsi host2: uas
Mai 15 20:19:03 macMF kernel: scsi 2:0:0:0: Direct-Access     ASM1153U ASM1153USB3.0TOS 0    PQ: 0 ANSI: 6
Mai 15 20:19:03 macMF kernel: usbcore: registered new interface driver uas
Mai 15 20:19:03 macMF kernel: cryptd: max_cpu_qlen set to 1000
Mai 15 20:19:03 macMF kernel: sd 2:0:0:0: [sdb] 488397168 512-byte logical blocks: (250 GB/233 GiB)
Mai 15 20:19:03 macMF kernel: sd 2:0:0:0: [sdb] Write Protect is off
Mai 15 20:19:03 macMF kernel: sd 2:0:0:0: [sdb] Mode Sense: 43 00 00 00
Mai 15 20:19:03 macMF kernel: sd 2:0:0:0: [sdb] Write cache: enabled, read cache: enabled, doesn't support DPO or FUA
Mai 15 20:19:03 macMF kernel: sd 2:0:0:0: [sdb] Preferred minimum I/O size 512 bytes
Mai 15 20:19:03 macMF kernel: sd 2:0:0:0: [sdb] Optimal transfer size 33553920 bytes
Mai 15 20:19:03 macMF kernel:  sdb: sdb1 sdb2 sdb3 sdb4
Mai 15 20:19:03 macMF kernel: sd 2:0:0:0: [sdb] Attached SCSI disk
Mai 15 20:19:04 macMF kernel: AES CTR mode by8 optimization enabled
Mai 15 20:19:04 macMF kernel: cfg80211: Loading compiled-in X.509 certificates for regulatory database
Mai 15 20:19:04 macMF kernel: Loaded X.509 cert 'sforshee: 00b28ddf47aef9cea7'
Mai 15 20:19:04 macMF kernel: Loaded X.509 cert 'wens: 61c038651aabdcf94bd0ac7ff06c7248db18c600'
Mai 15 20:19:04 macMF kernel: platform regulatory.0: Direct firmware load for regulatory.db failed with error -2
Mai 15 20:19:04 macMF kernel: cfg80211: failed to load regulatory.db
Mai 15 20:19:04 macMF kernel: wl: loading out-of-tree module taints kernel.
Mai 15 20:19:04 macMF kernel: wl: module license 'MIXED/Proprietary' taints kernel.
Mai 15 20:19:04 macMF kernel: Disabling lock debugging due to kernel taint
Mai 15 20:19:04 macMF kernel: wl: module verification failed: signature and/or required key missing - tainting kernel
Mai 15 20:19:04 macMF kernel: wl: module license taints kernel.
Mai 15 20:19:04 macMF kernel: ------------[ cut here ]------------
Mai 15 20:19:04 macMF kernel: Unpatched return thunk in use. This should not happen!
Mai 15 20:19:04 macMF kernel: WARNING: CPU: 3 PID: 241 at arch/x86/kernel/cpu/bugs.c:3074 __warn_thunk+0x2a/0x40
Mai 15 20:19:04 macMF kernel: Modules linked in: wl(POE+) polyval_clmulni polyval_generic ghash_clmulni_intel sha512_ssse3 sha256_ssse3 sha1_ssse3 aesni_intel crypto_simd cfg80211 cryptd uas rfkill usb_storage video wmi hid_apple hid_generic usbhid pkcs8_key_parser i2c_dev crypto_user
Mai 15 20:19:04 macMF kernel: CPU: 3 UID: 0 PID: 241 Comm: (udev-worker) Tainted: P           OE      6.14.6-arch1-1 #1 9658fd36a89bb82f508ea2dcbad8e1444239d436
Mai 15 20:19:04 macMF kernel: Tainted: [P]=PROPRIETARY_MODULE, [O]=OOT_MODULE, [E]=UNSIGNED_MODULE
Mai 15 20:19:04 macMF kernel: Hardware name: Apple Inc. MacBookPro11,1/Mac-189A3D4F975D5FFC, BIOS 478.0.0.0.0 01/13/2023
Mai 15 20:19:04 macMF kernel: RIP: 0010:__warn_thunk+0x2a/0x40
Mai 15 20:19:04 macMF kernel: Code: 66 0f 1f 00 0f 1f 44 00 00 80 3d cb d1 38 02 00 74 05 c3 cc cc cc cc 48 c7 c7 48 ec 17 a6 c6 05 b6 d1 38 02 01 e8 d6 40 06 00 <0f> 0b c3 cc cc cc cc 66 2e 0f 1f 84 00 00 00 00 00 0f 1f 44 00 00
Mai 15 20:19:04 macMF kernel: RSP: 0018:ffffae1a40c5bbf8 EFLAGS: 00010246
Mai 15 20:19:04 macMF kernel: RAX: 0000000000000000 RBX: 0000000000000000 RCX: 0000000000000027
Mai 15 20:19:04 macMF kernel: RDX: ffff8c405f3a1908 RSI: 0000000000000001 RDI: ffff8c405f3a1900
Mai 15 20:19:04 macMF kernel: RBP: ffffae1a40c5bc48 R08: 0000000000000000 R09: 00000000ffffefff
Mai 15 20:19:04 macMF kernel: R10: ffffffffa6a5c460 R11: ffffae1a40c5ba90 R12: ffffffffc0e71ac5
Mai 15 20:19:04 macMF kernel: R13: ffffffffc07eb010 R14: 00007742b7e102f2 R15: 0000000000000000
Mai 15 20:19:04 macMF kernel: FS:  00007742b7e18880(0000) GS:ffff8c405f380000(0000) knlGS:0000000000000000
Mai 15 20:19:04 macMF kernel: CS:  0010 DS: 0000 ES: 0000 CR0: 0000000080050033
Mai 15 20:19:04 macMF kernel: CR2: 00007742b7e16000 CR3: 0000000108a96001 CR4: 00000000001706f0
Mai 15 20:19:04 macMF kernel: Call Trace:
Mai 15 20:19:04 macMF kernel:  <TASK>
Mai 15 20:19:04 macMF kernel:  warn_thunk_thunk+0x1a/0x30
Mai 15 20:19:04 macMF kernel:  getvar+0x20/0x70 [wl 7dda7e58fe1e2a3614e68cff8c617eecaa75e93f]
Mai 15 20:19:04 macMF kernel:  ? __UNIQUE_ID_vermagic467+0x51e57d405558/0x51e57d405558 [wl 7dda7e58fe1e2a3614e68cff8c617eecaa75e93f]
Mai 15 20:19:04 macMF kernel:  wl_module_init+0x17/0xa0 [wl 7dda7e58fe1e2a3614e68cff8c617eecaa75e93f]
Mai 15 20:19:04 macMF kernel:  ? do_one_initcall+0x5c/0x310
Mai 15 20:19:04 macMF kernel:  ? do_init_module+0x62/0x240
Mai 15 20:19:04 macMF kernel:  ? init_module_from_file+0x8b/0xe0
Mai 15 20:19:04 macMF kernel:  ? idempotent_init_module+0x115/0x310
Mai 15 20:19:04 macMF kernel:  ? __x64_sys_finit_module+0x67/0xc0
Mai 15 20:19:04 macMF kernel:  ? do_syscall_64+0x7b/0x190
Mai 15 20:19:04 macMF kernel:  ? do_syscall_64+0x87/0x190
Mai 15 20:19:04 macMF kernel:  ? do_syscall_64+0x87/0x190
Mai 15 20:19:04 macMF kernel:  ? irqentry_exit_to_user_mode+0x2c/0x1b0
Mai 15 20:19:04 macMF kernel:  ? entry_SYSCALL_64_after_hwframe+0x76/0x7e
Mai 15 20:19:04 macMF kernel:  </TASK>
Mai 15 20:19:04 macMF kernel: ---[ end trace 0000000000000000 ]---
Mai 15 20:19:04 macMF kernel: wlan0: Broadcom BCM43a0 802.11 Hybrid Wireless Controller 6.30.223.271 (r587334)
Mai 15 20:19:04 macMF kernel: 
Mai 15 20:19:04 macMF kernel: scsi 1:0:0:0: Direct-Access     APPLE    SD Card Reader   3.00 PQ: 0 ANSI: 6
Mai 15 20:19:04 macMF kernel: sd 1:0:0:0: [sdc] Media removed, stopped polling
Mai 15 20:19:04 macMF kernel: sd 1:0:0:0: [sdc] Attached SCSI removable disk
Mai 15 20:19:05 macMF kernel: PM: Image not found (code -22)
Mai 15 20:19:05 macMF kernel: EXT4-fs (sdb2): mounted filesystem e614108a-29e5-4e17-b490-f51ce1293d30 r/w with ordered data mode. Quota mode: none.
Mai 15 20:19:12 macMF systemd-journald[139]: Received SIGTERM from PID 1 (systemd).
Mai 15 20:19:12 macMF systemd[1]: systemd 257.5-2-arch running in system mode (+PAM +AUDIT -SELINUX -APPARMOR -IMA +IPE +SMACK +SECCOMP +GCRYPT +GNUTLS +OPENSSL +ACL +BLKID +CURL +ELFUTILS +FIDO2 +IDN2 -IDN +IPTC +KMOD +LIBCRYPTSETUP +LIBCRYPTSETUP_PLUGINS +LIBFDISK +PCRE2 +PWQUALITY +P11KIT +QRENCODE +TPM2 +BZIP2 +LZ4 +XZ +ZLIB +ZSTD +BPF_FRAMEWORK +BTF +XKBCOMMON +UTMP -SYSVINIT +LIBARCHIVE)
Mai 15 20:19:12 macMF systemd[1]: Detected architecture x86-64.
Mai 15 20:19:12 macMF systemd[1]: bpf-restrict-fs: LSM BPF program attached
Mai 15 20:19:12 macMF systemd[1]: initrd-switch-root.service: Deactivated successfully.
Mai 15 20:19:12 macMF systemd[1]: Stopped Switch Root.
Mai 15 20:19:12 macMF systemd[1]: systemd-journald.service: Scheduled restart job, restart counter is at 1.
Mai 15 20:19:12 macMF systemd[1]: Created slice CUPS Slice.
Mai 15 20:19:12 macMF systemd[1]: Created slice Slice /system/dirmngr.
Mai 15 20:19:12 macMF systemd[1]: Created slice Slice /system/getty.
Mai 15 20:19:12 macMF systemd[1]: Created slice Slice /system/gpg-agent.
Mai 15 20:19:12 macMF systemd[1]: Created slice Slice /system/gpg-agent-browser.
Mai 15 20:19:12 macMF systemd[1]: Created slice Slice /system/gpg-agent-extra.
Mai 15 20:19:12 macMF systemd[1]: Created slice Slice /system/gpg-agent-ssh.
Mai 15 20:19:12 macMF systemd[1]: Created slice Slice /system/keyboxd.
Mai 15 20:19:12 macMF systemd[1]: Created slice Slice /system/systemd-fsck.
Mai 15 20:19:12 macMF systemd[1]: Created slice User and Session Slice.
Mai 15 20:19:12 macMF systemd[1]: Started Dispatch Password Requests to Console Directory Watch.
Mai 15 20:19:12 macMF systemd[1]: Started Forward Password Requests to Wall Directory Watch.
Mai 15 20:19:12 macMF systemd[1]: Set up automount Arbitrary Executable File Formats File System Automount Point.
Mai 15 20:19:12 macMF systemd[1]: Expecting device /dev/disk/by-uuid/3b5640e6-e666-4e72-8d36-d3c41bcc512c...
Mai 15 20:19:12 macMF systemd[1]: Expecting device /dev/disk/by-uuid/6F68-7BFF...
Mai 15 20:19:12 macMF systemd[1]: Expecting device /dev/disk/by-uuid/cbf55ddf-f434-40b7-ab52-7d09f736932e...
Mai 15 20:19:12 macMF systemd[1]: Reached target Local Encrypted Volumes.
Mai 15 20:19:12 macMF systemd[1]: Reached target Login Prompts.
Mai 15 20:19:12 macMF systemd[1]: Stopped target Switch Root.
Mai 15 20:19:12 macMF systemd[1]: Stopped target Initrd File Systems.
Mai 15 20:19:12 macMF systemd[1]: Stopped target Initrd Root File System.
Mai 15 20:19:12 macMF systemd[1]: Reached target Local Integrity Protected Volumes.
Mai 15 20:19:12 macMF systemd[1]: Reached target Remote File Systems.
Mai 15 20:19:12 macMF systemd[1]: Reached target Slice Units.
Mai 15 20:19:12 macMF systemd[1]: Reached target Local Verity Protected Volumes.
Mai 15 20:19:12 macMF systemd[1]: Listening on Device-mapper event daemon FIFOs.
Mai 15 20:19:12 macMF systemd[1]: Listening on LVM2 poll daemon socket.
Mai 15 20:19:12 macMF systemd[1]: Listening on Process Core Dump Socket.
Mai 15 20:19:12 macMF systemd[1]: Listening on Credential Encryption/Decryption.
Mai 15 20:19:12 macMF systemd[1]: TPM PCR Measurements was skipped because of an unmet condition check (ConditionSecurity=measured-uki).
Mai 15 20:19:12 macMF systemd[1]: Make TPM PCR Policy was skipped because of an unmet condition check (ConditionSecurity=measured-uki).
Mai 15 20:19:12 macMF systemd[1]: Listening on udev Control Socket.
Mai 15 20:19:12 macMF systemd[1]: Listening on udev Kernel Socket.
Mai 15 20:19:12 macMF systemd[1]: Listening on User Database Manager Socket.
Mai 15 20:19:12 macMF systemd[1]: Mounting Huge Pages File System...
Mai 15 20:19:12 macMF systemd[1]: Mounting POSIX Message Queue File System...
Mai 15 20:19:12 macMF systemd[1]: Mounting Kernel Debug File System...
Mai 15 20:19:12 macMF systemd[1]: Mounting Kernel Trace File System...
Mai 15 20:19:12 macMF systemd[1]: Starting Create List of Static Device Nodes...
Mai 15 20:19:12 macMF systemd[1]: Starting Monitoring of LVM2 mirrors, snapshots etc. using dmeventd or progress polling...
Mai 15 20:19:12 macMF systemd[1]: Starting Load Kernel Module configfs...
Mai 15 20:19:12 macMF systemd[1]: Starting Load Kernel Module dm_mod...
Mai 15 20:19:12 macMF systemd[1]: Starting Load Kernel Module drm...
Mai 15 20:19:12 macMF systemd[1]: Starting Load Kernel Module fuse...
Mai 15 20:19:12 macMF systemd[1]: Starting Load Kernel Module loop...
Mai 15 20:19:12 macMF systemd[1]: Clear Stale Hibernate Storage Info was skipped because of an unmet condition check (ConditionPathExists=/sys/firmware/efi/efivars/HibernateLocation-8cf2644b-4b0b-428f-9387-6d876050dc67).
Mai 15 20:19:12 macMF systemd[1]: Starting Journal Service...
Mai 15 20:19:12 macMF kernel: loop: module loaded
Mai 15 20:19:12 macMF systemd[1]: Starting Load Kernel Modules...
Mai 15 20:19:12 macMF systemd[1]: TPM PCR Machine ID Measurement was skipped because of an unmet condition check (ConditionSecurity=measured-uki).
Mai 15 20:19:12 macMF systemd[1]: Starting Remount Root and Kernel File Systems...
Mai 15 20:19:12 macMF systemd[1]: Early TPM SRK Setup was skipped because of an unmet condition check (ConditionSecurity=measured-uki).
Mai 15 20:19:12 macMF systemd[1]: Starting Load udev Rules from Credentials...
Mai 15 20:19:12 macMF systemd[1]: Starting Coldplug All udev Devices...
Mai 15 20:19:12 macMF systemd[1]: Mounted Huge Pages File System.
Mai 15 20:19:12 macMF systemd[1]: Mounted POSIX Message Queue File System.
Mai 15 20:19:12 macMF systemd[1]: Mounted Kernel Debug File System.
Mai 15 20:19:12 macMF systemd[1]: Mounted Kernel Trace File System.
Mai 15 20:19:12 macMF systemd[1]: Finished Create List of Static Device Nodes.
Mai 15 20:19:12 macMF systemd[1]: modprobe@configfs.service: Deactivated successfully.
Mai 15 20:19:12 macMF systemd[1]: Finished Load Kernel Module configfs.
Mai 15 20:19:12 macMF systemd[1]: modprobe@drm.service: Deactivated successfully.
Mai 15 20:19:12 macMF systemd[1]: Finished Load Kernel Module drm.
Mai 15 20:19:12 macMF systemd[1]: modprobe@fuse.service: Deactivated successfully.
Mai 15 20:19:12 macMF systemd[1]: Finished Load Kernel Module fuse.
Mai 15 20:19:12 macMF systemd[1]: modprobe@loop.service: Deactivated successfully.
Mai 15 20:19:12 macMF systemd[1]: Finished Load Kernel Module loop.
Mai 15 20:19:12 macMF kernel: device-mapper: uevent: version 1.0.3
Mai 15 20:19:12 macMF kernel: device-mapper: ioctl: 4.49.0-ioctl (2025-01-17) initialised: dm-devel@lists.linux.dev
Mai 15 20:19:12 macMF systemd[1]: modprobe@dm_mod.service: Deactivated successfully.
Mai 15 20:19:12 macMF systemd[1]: Finished Load Kernel Module dm_mod.
Mai 15 20:19:12 macMF systemd[1]: Mounting FUSE Control File System...
Mai 15 20:19:12 macMF kernel: EXT4-fs (sdb2): re-mounted e614108a-29e5-4e17-b490-f51ce1293d30 r/w. Quota mode: none.
Mai 15 20:19:12 macMF systemd[1]: Repartition Root Disk was skipped because no trigger condition checks were met.
Mai 15 20:19:12 macMF systemd[1]: Starting Create Static Device Nodes in /dev gracefully...
Mai 15 20:19:12 macMF systemd[1]: Finished Remount Root and Kernel File Systems.
Mai 15 20:19:12 macMF systemd-journald[336]: Collecting audit messages is disabled.
Mai 15 20:19:12 macMF systemd[1]: Rebuild Hardware Database was skipped because no trigger condition checks were met.
Mai 15 20:19:12 macMF systemd[1]: Starting Load/Save OS Random Seed...
Mai 15 20:19:12 macMF systemd[1]: TPM SRK Setup was skipped because of an unmet condition check (ConditionSecurity=measured-uki).
Mai 15 20:19:12 macMF systemd[1]: Started Journal Service.
Mai 15 20:19:13 macMF systemd-journald[336]: Received client request to flush runtime journal.
Mai 15 20:19:16 macMF kernel: usbcore: registered new device driver apple-mfi-fastcharge
Mai 15 20:19:16 macMF kernel: mousedev: PS/2 mouse device common for all mice
Mai 15 20:19:16 macMF kernel: smbus_hc ACPI0001:00: SBS HC: offset = 0x20, query_bit = 0x10
Mai 15 20:19:17 macMF kernel: ACPI: Smart Battery System [SBS0]: Battery Slot [BAT0] (battery present)
Mai 15 20:19:17 macMF kernel: input: bcm5974 as /devices/pci0000:00/0000:00:14.0/usb1/1-5/1-5:1.2/input/input11
Mai 15 20:19:17 macMF kernel: usbcore: registered new interface driver bcm5974
Mai 15 20:19:17 macMF kernel: input: PC Speaker as /devices/platform/pcspkr/input/input12
Mai 15 20:19:17 macMF kernel: Bluetooth: Core ver 2.22
Mai 15 20:19:17 macMF kernel: NET: Registered PF_BLUETOOTH protocol family
Mai 15 20:19:17 macMF kernel: Bluetooth: HCI device and connection manager initialized
Mai 15 20:19:17 macMF kernel: Bluetooth: HCI socket layer initialized
Mai 15 20:19:17 macMF kernel: Bluetooth: L2CAP socket layer initialized
Mai 15 20:19:17 macMF kernel: Bluetooth: SCO socket layer initialized
Mai 15 20:19:17 macMF kernel: ACPI: bus type thunderbolt registered
Mai 15 20:19:17 macMF kernel: thunderbolt 0000:07:00.0: device link creation from 0000:06:00.0 failed
Mai 15 20:19:17 macMF kernel: i801_smbus 0000:00:1f.3: SMBus using PCI interrupt
Mai 15 20:19:17 macMF kernel: iTCO_vendor_support: vendor-support=0
Mai 15 20:19:18 macMF kernel: applesmc: key=571 fan=1 temp=32 index=31 acc=0 lux=2 kbd=1
Mai 15 20:19:18 macMF kernel: applesmc applesmc.768: hwmon_device_register() is deprecated. Please convert the driver to use hwmon_device_register_with_info().
Mai 15 20:19:18 macMF kernel: RAPL PMU: API unit is 2^-32 Joules, 4 fixed counters, 655360 ms ovfl timer
Mai 15 20:19:18 macMF kernel: RAPL PMU: hw unit of domain pp0-core 2^-14 Joules
Mai 15 20:19:18 macMF kernel: RAPL PMU: hw unit of domain package 2^-14 Joules
Mai 15 20:19:18 macMF kernel: RAPL PMU: hw unit of domain dram 2^-14 Joules
Mai 15 20:19:18 macMF kernel: RAPL PMU: hw unit of domain pp1-gpu 2^-14 Joules
Mai 15 20:19:18 macMF kernel: iTCO_wdt iTCO_wdt.1.auto: unable to reset NO_REBOOT flag, device disabled by hardware/BIOS
Mai 15 20:19:18 macMF kernel: usbcore: registered new interface driver btusb
Mai 15 20:19:18 macMF kernel: usb 1-3.1: USB disconnect, device number 6
Mai 15 20:19:18 macMF kernel: Bluetooth: hci0: BCM: chip id 73 build 1127
Mai 15 20:19:18 macMF kernel: Bluetooth: hci0: BCM: product 05ac:8289
Mai 15 20:19:18 macMF kernel: Bluetooth: hci0: BCM: features 0x07
Mai 15 20:19:18 macMF kernel: Bluetooth: hci0: MacBooki7
Mai 15 20:19:18 macMF kernel: usb 1-3.2: USB disconnect, device number 8
Mai 15 20:19:18 macMF kernel: spi-nor spi0.0: supply vcc not found, using dummy regulator
Mai 15 20:19:18 macMF kernel: Creating 1 MTD partitions on "intel-spi":
Mai 15 20:19:18 macMF kernel: 0x000000000000-0x000000800000 : "BIOS"
Mai 15 20:19:19 macMF kernel: Adding 20971516k swap on /dev/sdb1.  Priority:-2 extents:1 across:20971516k 
Mai 15 20:19:20 macMF kernel: i915 0000:00:02.0: [drm] Found haswell/ult (device ID 0a2e) integrated display version 7.00 stepping N/A
Mai 15 20:19:20 macMF kernel: Console: switching to colour dummy device 80x25
Mai 15 20:19:20 macMF kernel: i915 0000:00:02.0: vgaarb: deactivate vga console
Mai 15 20:19:20 macMF kernel: i915 0000:00:02.0: vgaarb: VGA decodes changed: olddecodes=io+mem,decodes=io+mem:owns=io+mem
Mai 15 20:19:20 macMF kernel: i915 0000:00:02.0: [drm] Skipping intel_backlight registration
Mai 15 20:19:20 macMF kernel: [drm] Initialized i915 1.6.0 for 0000:00:02.0 on minor 1
Mai 15 20:19:20 macMF kernel: ACPI: video: Video Device [IGPU] (multi-head: yes  rom: no  post: no)
Mai 15 20:19:20 macMF kernel: input: Video Bus as /devices/LNXSYSTM:00/LNXSYBUS:00/PNP0A08:00/LNXVIDEO:00/input/input13
Mai 15 20:19:20 macMF kernel: acpi device:02: registered as cooling_device5
Mai 15 20:19:20 macMF kernel: fbcon: i915drmfb (fb0) is primary device
Mai 15 20:19:20 macMF kernel: Console: switching to colour frame buffer device 160x50
Mai 15 20:19:20 macMF kernel: snd_hda_intel 0000:00:03.0: bound 0000:00:02.0 (ops i915_audio_component_bind_ops [i915])
Mai 15 20:19:20 macMF kernel: i915 0000:00:02.0: [drm] fb0: i915drmfb frame buffer device
Mai 15 20:19:20 macMF kernel: input: HDA Intel HDMI HDMI/DP,pcm=3 as /devices/pci0000:00/0000:00:03.0/sound/card0/input14
Mai 15 20:19:20 macMF kernel: input: HDA Intel HDMI HDMI/DP,pcm=7 as /devices/pci0000:00/0000:00:03.0/sound/card0/input15
Mai 15 20:19:20 macMF kernel: input: HDA Intel HDMI HDMI/DP,pcm=8 as /devices/pci0000:00/0000:00:03.0/sound/card0/input16
Mai 15 20:19:20 macMF kernel: intel_rapl_common: Found RAPL domain package
Mai 15 20:19:20 macMF kernel: intel_rapl_common: Found RAPL domain core
Mai 15 20:19:20 macMF kernel: intel_rapl_common: Found RAPL domain uncore
Mai 15 20:19:20 macMF kernel: intel_rapl_common: Found RAPL domain dram
Mai 15 20:19:20 macMF kernel: snd_hda_codec_cirrus hdaudioC1D0: CS4208: picked fixup  for codec SSID 106b:0000
Mai 15 20:19:20 macMF kernel: snd_hda_codec_cirrus hdaudioC1D0: autoconfig for CS4208: line_outs=2 (0x12/0x13/0x0/0x0/0x0) type:speaker
Mai 15 20:19:20 macMF kernel: snd_hda_codec_cirrus hdaudioC1D0:    speaker_outs=0 (0x0/0x0/0x0/0x0/0x0)
Mai 15 20:19:20 macMF kernel: snd_hda_codec_cirrus hdaudioC1D0:    hp_outs=1 (0x10/0x0/0x0/0x0/0x0)
Mai 15 20:19:20 macMF kernel: snd_hda_codec_cirrus hdaudioC1D0:    mono: mono_out=0x0
